#
# There is insufficient memory for the Java Runtime Environment to continue.
# Native memory allocation (mmap) failed to map 500170752 bytes for G1 virtual space
# Possible reasons:
#   The system is out of physical RAM or swap space
#   The process is running with CompressedOops enabled, and the Java Heap may be blocking the growth of the native heap
# Possible solutions:
#   Reduce memory load on the system
#   Increase physical memory or swap space
#   Check if swap backing store is full
#   Decrease Java heap size (-Xmx/-Xms)
#   Decrease number of Java threads
#   Decrease Java thread stack sizes (-Xss)
#   Set larger code cache with -XX:ReservedCodeCacheSize=
#   JVM is running with Unscaled Compressed Oops mode in which the Java heap is
#     placed in the first 4GB address space. The Java Heap base address is the
#     maximum limit for the native heap growth. Please use -XX:HeapBaseMinAddress
#     to set the Java Heap base and to place the Java Heap above 4GB virtual address.
# This output file may be truncated or incomplete.
#
#  Out of Memory Error (os_windows.cpp:3769), pid=15172, tid=1816
#
# JRE version: OpenJDK Runtime Environment (17.0.6) (build 17.0.6+0-b2043.56-10027231)
# Java VM: OpenJDK 64-Bit Server VM (17.0.6+0-b2043.56-10027231, mixed mode, tiered, compressed oops, compressed class ptrs, g1 gc, windows-amd64)
# No core dump will be written. Minidumps are not enabled by default on client versions of Windows
#

---------------  S U M M A R Y ------------

Command Line: --add-opens=java.base/java.util=ALL-UNNAMED --add-opens=java.base/java.lang=ALL-UNNAMED --add-opens=java.base/java.lang.invoke=ALL-UNNAMED --add-opens=java.base/java.util=ALL-UNNAMED --add-opens=java.prefs/java.util.prefs=ALL-UNNAMED --add-opens=java.prefs/java.util.prefs=ALL-UNNAMED --add-opens=java.base/java.nio.charset=ALL-UNNAMED --add-opens=java.base/java.net=ALL-UNNAMED --add-opens=java.base/java.util.concurrent.atomic=ALL-UNNAMED -Xmx2048m -Dfile.encoding=UTF-8 -Duser.country=US -Duser.language=en -Duser.variant org.gradle.launcher.daemon.bootstrap.GradleDaemon 7.5

Host: Intel(R) Pentium(R) CPU  N3710  @ 1.60GHz, 4 cores, 7G,  Windows 10 , 64 bit Build 19041 (10.0.19041.1645)
Time: Mon Oct 30 14:09:36 2023 W. Central Africa Standard Time elapsed time: 963.383652 seconds (0d 0h 16m 3s)

---------------  T H R E A D  ---------------

Current thread (0x00000171de472ce0):  VMThread "VM Thread" [stack: 0x0000004cd5200000,0x0000004cd5300000] [id=1816]

Stack: [0x0000004cd5200000,0x0000004cd5300000]
Native frames: (J=compiled Java code, j=interpreted, Vv=VM code, C=native code)
V  [jvm.dll+0x683c9a]
V  [jvm.dll+0x8427a4]
V  [jvm.dll+0x843f9e]
V  [jvm.dll+0x844603]
V  [jvm.dll+0x249b75]
V  [jvm.dll+0x680b69]
V  [jvm.dll+0x67505a]
V  [jvm.dll+0x309acb]
V  [jvm.dll+0x310f86]
V  [jvm.dll+0x3608ee]
V  [jvm.dll+0x360b1f]
V  [jvm.dll+0x2dfbf8]
V  [jvm.dll+0x2ddec4]
V  [jvm.dll+0x2dd4cc]
V  [jvm.dll+0x321f3b]
V  [jvm.dll+0x848ccb]
V  [jvm.dll+0x849a04]
V  [jvm.dll+0x849f1d]
V  [jvm.dll+0x84a2f4]
V  [jvm.dll+0x84a3c0]
V  [jvm.dll+0x7f274a]
V  [jvm.dll+0x682ad5]
C  [ucrtbase.dll+0x21bb2]
C  [KERNEL32.DLL+0x17034]
C  [ntdll.dll+0x52651]

VM_Operation (0x0000004cdaef75c0): G1CollectForAllocation, mode: safepoint, requested by thread 0x00000171e5a3ff30


---------------  P R O C E S S  ---------------

Threads class SMR info:
_java_thread_list=0x00000171e41521e0, length=94, elements={
0x00000171c4ec8f20, 0x00000171de476820, 0x00000171de478fd0, 0x00000171df00a270,
0x00000171df0080c0, 0x00000171df00ac10, 0x00000171df008f30, 0x00000171de49cad0,
0x00000171df072f50, 0x00000171df093bc0, 0x00000171df008590, 0x00000171df00b5b0,
0x00000171df00b0e0, 0x00000171df009400, 0x00000171df0098d0, 0x00000171df009da0,
0x00000171df00a740, 0x00000171e0612810, 0x00000171e0616b70, 0x00000171e060f7f0,
0x00000171e06119a0, 0x00000171e0610660, 0x00000171e0614020, 0x00000171e0610190,
0x00000171e0612ce0, 0x00000171e0611000, 0x00000171e0612340, 0x00000171e06114d0,
0x00000171e0611e70, 0x00000171e06161d0, 0x00000171e06149c0, 0x00000171e0613b50,
0x00000171e0615830, 0x00000171e06131b0, 0x00000171e3a7c5e0, 0x00000171e3a78280,
0x00000171e3a7d450, 0x00000171e3a7ddf0, 0x00000171e3a7bc40, 0x00000171e3a79a90,
0x00000171e3a76f40, 0x00000171e3a7cf80, 0x00000171e3a77410, 0x00000171e3a790f0,
0x00000171e3a795c0, 0x00000171e3a7c110, 0x00000171e3a7d920, 0x00000171e3a79f60,
0x00000171e3a7cab0, 0x00000171e3a7e2c0, 0x00000171e3a7e790, 0x00000171e3a7a900,
0x00000171e3a78750, 0x00000171e3a778e0, 0x00000171e3a77db0, 0x00000171e3a7add0,
0x00000171e3a7b770, 0x00000171e3a78c20, 0x00000171e3a7a430, 0x00000171e3a7b2a0,
0x00000171e21b6170, 0x00000171e21b0130, 0x00000171e21b3620, 0x00000171e21b3fc0,
0x00000171e21b57d0, 0x00000171e21b0fa0, 0x00000171e21b0600, 0x00000171e21b1470,
0x00000171e21b5ca0, 0x00000171e21b4490, 0x00000171e21b4e30, 0x00000171e21b1940,
0x00000171e21b4960, 0x00000171e21b5300, 0x00000171e21b0ad0, 0x00000171e21b6640,
0x00000171e21b22e0, 0x00000171e21af2c0, 0x00000171e21af790, 0x00000171e21afc60,
0x00000171e0617040, 0x00000171e060fcc0, 0x00000171df00ba80, 0x00000171e5a3c0a0,
0x00000171e5a3c570, 0x00000171e5a3ebf0, 0x00000171e5a3f0c0, 0x00000171e5a3ff30,
0x00000171e5a408d0, 0x00000171e5a3b700, 0x00000171e5a3dd80, 0x00000171e5a3e720,
0x00000171e5a3e250, 0x00000171e5a3d8b0
}

Java Threads: ( => current thread )
  0x00000171c4ec8f20 JavaThread "main" [_thread_blocked, id=1224, stack(0x0000004cd4c00000,0x0000004cd4d00000)]
  0x00000171de476820 JavaThread "Reference Handler" daemon [_thread_blocked, id=9236, stack(0x0000004cd5300000,0x0000004cd5400000)]
  0x00000171de478fd0 JavaThread "Finalizer" daemon [_thread_blocked, id=3340, stack(0x0000004cd5400000,0x0000004cd5500000)]
  0x00000171df00a270 JavaThread "Signal Dispatcher" daemon [_thread_blocked, id=5532, stack(0x0000004cd5500000,0x0000004cd5600000)]
  0x00000171df0080c0 JavaThread "Attach Listener" daemon [_thread_blocked, id=10796, stack(0x0000004cd5600000,0x0000004cd5700000)]
  0x00000171df00ac10 JavaThread "Service Thread" daemon [_thread_blocked, id=13340, stack(0x0000004cd5700000,0x0000004cd5800000)]
  0x00000171df008f30 JavaThread "Monitor Deflation Thread" daemon [_thread_blocked, id=16120, stack(0x0000004cd5800000,0x0000004cd5900000)]
  0x00000171de49cad0 JavaThread "C2 CompilerThread0" daemon [_thread_blocked, id=9184, stack(0x0000004cd5900000,0x0000004cd5a00000)]
  0x00000171df072f50 JavaThread "C1 CompilerThread0" daemon [_thread_blocked, id=13980, stack(0x0000004cd5a00000,0x0000004cd5b00000)]
  0x00000171df093bc0 JavaThread "Sweeper thread" daemon [_thread_blocked, id=15168, stack(0x0000004cd5b00000,0x0000004cd5c00000)]
  0x00000171df008590 JavaThread "Common-Cleaner" daemon [_thread_blocked, id=7592, stack(0x0000004cd5c00000,0x0000004cd5d00000)]
  0x00000171df00b5b0 JavaThread "Notification Thread" daemon [_thread_blocked, id=9528, stack(0x0000004cd5d00000,0x0000004cd5e00000)]
  0x00000171df00b0e0 JavaThread "Daemon health stats" [_thread_blocked, id=13440, stack(0x0000004cd4b00000,0x0000004cd4c00000)]
  0x00000171df009400 JavaThread "Incoming local TCP Connector on port 50592" [_thread_in_native, id=12856, stack(0x0000004cd6300000,0x0000004cd6400000)]
  0x00000171df0098d0 JavaThread "Daemon periodic checks" [_thread_blocked, id=8556, stack(0x0000004cd6400000,0x0000004cd6500000)]
  0x00000171df009da0 JavaThread "Daemon" [_thread_blocked, id=7564, stack(0x0000004cd6500000,0x0000004cd6600000)]
  0x00000171df00a740 JavaThread "Handler for socket connection from /127.0.0.1:50592 to /127.0.0.1:50593" [_thread_in_native, id=13560, stack(0x0000004cd6600000,0x0000004cd6700000)]
  0x00000171e0612810 JavaThread "Cancel handler" [_thread_blocked, id=9564, stack(0x0000004cd6700000,0x0000004cd6800000)]
  0x00000171e0616b70 JavaThread "Daemon worker" [_thread_blocked, id=15824, stack(0x0000004cd6800000,0x0000004cd6900000)]
  0x00000171e060f7f0 JavaThread "Asynchronous log dispatcher for DefaultDaemonConnection: socket connection from /127.0.0.1:50592 to /127.0.0.1:50593" [_thread_blocked, id=252, stack(0x0000004cd6900000,0x0000004cd6a00000)]
  0x00000171e06119a0 JavaThread "Daemon client event forwarder" [_thread_blocked, id=8236, stack(0x0000004cd6b00000,0x0000004cd6c00000)]
  0x00000171e0610660 JavaThread "Cache worker for journal cache (C:\Users\Martins\AndroidStudioProjects\Odiyo\.gradle\caches\journal-1)" [_thread_blocked, id=16272, stack(0x0000004cd6c00000,0x0000004cd6d00000)]
  0x00000171e0614020 JavaThread "File lock request listener" [_thread_in_native, id=14440, stack(0x0000004cd6d00000,0x0000004cd6e00000)]
  0x00000171e0610190 JavaThread "Cache worker for file hash cache (C:\Users\Martins\AndroidStudioProjects\Odiyo\.gradle\caches\7.5\fileHashes)" [_thread_blocked, id=8352, stack(0x0000004cd6e00000,0x0000004cd6f00000)]
  0x00000171e0612ce0 JavaThread "File watcher server" daemon [_thread_blocked, id=10892, stack(0x0000004cd6f00000,0x0000004cd7000000)]
  0x00000171e0611000 JavaThread "File watcher consumer" daemon [_thread_blocked, id=9576, stack(0x0000004cd7000000,0x0000004cd7100000)]
  0x00000171e0612340 JavaThread "Cache worker for checksums cache (C:\Users\Martins\AndroidStudioProjects\Odiyo\.gradle\7.5\checksums)" [_thread_blocked, id=15940, stack(0x0000004cd7100000,0x0000004cd7200000)]
  0x00000171e06114d0 JavaThread "Cache worker for cache directory md-rule (C:\Users\Martins\AndroidStudioProjects\Odiyo\.gradle\caches\7.5\md-rule)" [_thread_blocked, id=15052, stack(0x0000004cd7200000,0x0000004cd7300000)]
  0x00000171e0611e70 JavaThread "Cache worker for file content cache (C:\Users\Martins\AndroidStudioProjects\Odiyo\.gradle\caches\7.5\fileContent)" [_thread_blocked, id=352, stack(0x0000004cd7300000,0x0000004cd7400000)]
  0x00000171e06161d0 JavaThread "Cache worker for file hash cache (C:\Users\Martins\AndroidStudioProjects\Odiyo\.gradle\7.5\fileHashes)" [_thread_blocked, id=6716, stack(0x0000004cd7400000,0x0000004cd7500000)]
  0x00000171e06149c0 JavaThread "Cache worker for cache directory md-supplier (C:\Users\Martins\AndroidStudioProjects\Odiyo\.gradle\caches\7.5\md-supplier)" [_thread_blocked, id=4220, stack(0x0000004cd7500000,0x0000004cd7600000)]
  0x00000171e0613b50 JavaThread "Cache worker for execution history cache (C:\Users\Martins\AndroidStudioProjects\Odiyo\.gradle\caches\7.5\executionHistory)" [_thread_blocked, id=8964, stack(0x0000004cd7900000,0x0000004cd7a00000)]
  0x00000171e0615830 JavaThread "jar transforms" [_thread_blocked, id=13096, stack(0x0000004cd7a00000,0x0000004cd7b00000)]
  0x00000171e06131b0 JavaThread "jar transforms Thread 2" [_thread_blocked, id=8980, stack(0x0000004cd7b00000,0x0000004cd7c00000)]
  0x00000171e3a7c5e0 JavaThread "jar transforms Thread 3" [_thread_blocked, id=13076, stack(0x0000004cd7d00000,0x0000004cd7e00000)]
  0x00000171e3a78280 JavaThread "jar transforms Thread 4" [_thread_blocked, id=12656, stack(0x0000004cd7e00000,0x0000004cd7f00000)]
  0x00000171e3a7d450 JavaThread "Cache worker for dependencies-accessors (C:\Users\Martins\AndroidStudioProjects\Odiyo\.gradle\7.5\dependencies-accessors)" [_thread_blocked, id=2720, stack(0x0000004cd4a00000,0x0000004cd4b00000)]
  0x00000171e3a7ddf0 JavaThread "Cache worker for Build Output Cleanup Cache (C:\Users\Martins\AndroidStudioProjects\Odiyo\.gradle\buildOutputCleanup)" [_thread_blocked, id=7972, stack(0x0000004cd6200000,0x0000004cd6300000)]
  0x00000171e3a7bc40 JavaThread "Unconstrained build operations" [_thread_blocked, id=12536, stack(0x0000004cd7c00000,0x0000004cd7d00000)]
  0x00000171e3a79a90 JavaThread "Unconstrained build operations Thread 2" [_thread_blocked, id=10884, stack(0x0000004cd7f00000,0x0000004cd8000000)]
  0x00000171e3a76f40 JavaThread "Unconstrained build operations Thread 3" [_thread_blocked, id=7152, stack(0x0000004cd8000000,0x0000004cd8100000)]
  0x00000171e3a7cf80 JavaThread "Unconstrained build operations Thread 4" [_thread_blocked, id=10784, stack(0x0000004cd8100000,0x0000004cd8200000)]
  0x00000171e3a77410 JavaThread "Unconstrained build operations Thread 5" [_thread_blocked, id=11792, stack(0x0000004cd8200000,0x0000004cd8300000)]
  0x00000171e3a790f0 JavaThread "Unconstrained build operations Thread 6" [_thread_blocked, id=4660, stack(0x0000004cd8300000,0x0000004cd8400000)]
  0x00000171e3a795c0 JavaThread "Unconstrained build operations Thread 7" [_thread_blocked, id=9788, stack(0x0000004cd8400000,0x0000004cd8500000)]
  0x00000171e3a7c110 JavaThread "Unconstrained build operations Thread 8" [_thread_blocked, id=9364, stack(0x0000004cd8500000,0x0000004cd8600000)]
  0x00000171e3a7d920 JavaThread "Unconstrained build operations Thread 9" [_thread_blocked, id=13032, stack(0x0000004cd8600000,0x0000004cd8700000)]
  0x00000171e3a79f60 JavaThread "Unconstrained build operations Thread 10" [_thread_blocked, id=10428, stack(0x0000004cd8700000,0x0000004cd8800000)]
  0x00000171e3a7cab0 JavaThread "Unconstrained build operations Thread 11" [_thread_blocked, id=14420, stack(0x0000004cd8800000,0x0000004cd8900000)]
  0x00000171e3a7e2c0 JavaThread "Unconstrained build operations Thread 12" [_thread_blocked, id=6316, stack(0x0000004cd8900000,0x0000004cd8a00000)]
  0x00000171e3a7e790 JavaThread "Unconstrained build operations Thread 13" [_thread_blocked, id=15624, stack(0x0000004cd8a00000,0x0000004cd8b00000)]
  0x00000171e3a7a900 JavaThread "Unconstrained build operations Thread 14" [_thread_blocked, id=10172, stack(0x0000004cd8b00000,0x0000004cd8c00000)]
  0x00000171e3a78750 JavaThread "Unconstrained build operations Thread 15" [_thread_blocked, id=10804, stack(0x0000004cd8c00000,0x0000004cd8d00000)]
  0x00000171e3a778e0 JavaThread "Unconstrained build operations Thread 16" [_thread_blocked, id=12748, stack(0x0000004cd8d00000,0x0000004cd8e00000)]
  0x00000171e3a77db0 JavaThread "Unconstrained build operations Thread 17" [_thread_blocked, id=12400, stack(0x0000004cd8e00000,0x0000004cd8f00000)]
  0x00000171e3a7add0 JavaThread "Unconstrained build operations Thread 18" [_thread_blocked, id=16036, stack(0x0000004cd8f00000,0x0000004cd9000000)]
  0x00000171e3a7b770 JavaThread "Unconstrained build operations Thread 19" [_thread_blocked, id=15648, stack(0x0000004cd9000000,0x0000004cd9100000)]
  0x00000171e3a78c20 JavaThread "Unconstrained build operations Thread 20" [_thread_blocked, id=7668, stack(0x0000004cd9100000,0x0000004cd9200000)]
  0x00000171e3a7a430 JavaThread "Unconstrained build operations Thread 21" [_thread_blocked, id=10488, stack(0x0000004cd9200000,0x0000004cd9300000)]
  0x00000171e3a7b2a0 JavaThread "Unconstrained build operations Thread 22" [_thread_blocked, id=15996, stack(0x0000004cd9300000,0x0000004cd9400000)]
  0x00000171e21b6170 JavaThread "Unconstrained build operations Thread 23" [_thread_blocked, id=6180, stack(0x0000004cd9400000,0x0000004cd9500000)]
  0x00000171e21b0130 JavaThread "Unconstrained build operations Thread 24" [_thread_blocked, id=6448, stack(0x0000004cd9500000,0x0000004cd9600000)]
  0x00000171e21b3620 JavaThread "Unconstrained build operations Thread 25" [_thread_blocked, id=15528, stack(0x0000004cd9600000,0x0000004cd9700000)]
  0x00000171e21b3fc0 JavaThread "Unconstrained build operations Thread 26" [_thread_blocked, id=15832, stack(0x0000004cd9700000,0x0000004cd9800000)]
  0x00000171e21b57d0 JavaThread "Unconstrained build operations Thread 27" [_thread_blocked, id=15720, stack(0x0000004cd9800000,0x0000004cd9900000)]
  0x00000171e21b0fa0 JavaThread "Unconstrained build operations Thread 28" [_thread_blocked, id=6476, stack(0x0000004cd9900000,0x0000004cd9a00000)]
  0x00000171e21b0600 JavaThread "Unconstrained build operations Thread 29" [_thread_blocked, id=14544, stack(0x0000004cd9a00000,0x0000004cd9b00000)]
  0x00000171e21b1470 JavaThread "Unconstrained build operations Thread 30" [_thread_blocked, id=12956, stack(0x0000004cd9b00000,0x0000004cd9c00000)]
  0x00000171e21b5ca0 JavaThread "Unconstrained build operations Thread 31" [_thread_blocked, id=13256, stack(0x0000004cd9c00000,0x0000004cd9d00000)]
  0x00000171e21b4490 JavaThread "Unconstrained build operations Thread 32" [_thread_blocked, id=5564, stack(0x0000004cd9d00000,0x0000004cd9e00000)]
  0x00000171e21b4e30 JavaThread "Unconstrained build operations Thread 33" [_thread_blocked, id=15636, stack(0x0000004cd9e00000,0x0000004cd9f00000)]
  0x00000171e21b1940 JavaThread "Unconstrained build operations Thread 34" [_thread_blocked, id=4960, stack(0x0000004cd9f00000,0x0000004cda000000)]
  0x00000171e21b4960 JavaThread "Unconstrained build operations Thread 35" [_thread_blocked, id=6444, stack(0x0000004cda000000,0x0000004cda100000)]
  0x00000171e21b5300 JavaThread "Unconstrained build operations Thread 36" [_thread_blocked, id=7840, stack(0x0000004cda100000,0x0000004cda200000)]
  0x00000171e21b0ad0 JavaThread "Unconstrained build operations Thread 37" [_thread_blocked, id=12388, stack(0x0000004cda200000,0x0000004cda300000)]
  0x00000171e21b6640 JavaThread "Unconstrained build operations Thread 38" [_thread_blocked, id=8668, stack(0x0000004cda300000,0x0000004cda400000)]
  0x00000171e21b22e0 JavaThread "Unconstrained build operations Thread 39" [_thread_blocked, id=6960, stack(0x0000004cda400000,0x0000004cda500000)]
  0x00000171e21af2c0 JavaThread "Unconstrained build operations Thread 40" [_thread_blocked, id=12260, stack(0x0000004cda500000,0x0000004cda600000)]
  0x00000171e21af790 JavaThread "build event listener" [_thread_blocked, id=12340, stack(0x0000004cd6a00000,0x0000004cd6b00000)]
  0x00000171e21afc60 JavaThread "Memory manager" [_thread_blocked, id=16220, stack(0x0000004cda600000,0x0000004cda700000)]
  0x00000171e0617040 JavaThread "pool-3-thread-1" [_thread_blocked, id=15796, stack(0x0000004cda700000,0x0000004cda800000)]
  0x00000171e060fcc0 JavaThread "build event listener" [_thread_blocked, id=11536, stack(0x0000004cda800000,0x0000004cda900000)]
  0x00000171df00ba80 JavaThread "included builds" [_thread_blocked, id=2092, stack(0x0000004cda900000,0x0000004cdaa00000)]
  0x00000171e5a3c0a0 JavaThread "Execution worker" [_thread_blocked, id=10964, stack(0x0000004cdaa00000,0x0000004cdab00000)]
  0x00000171e5a3c570 JavaThread "Execution worker Thread 2" [_thread_blocked, id=11184, stack(0x0000004cdab00000,0x0000004cdac00000)]
  0x00000171e5a3ebf0 JavaThread "Execution worker Thread 3" [_thread_blocked, id=6336, stack(0x0000004cdac00000,0x0000004cdad00000)]
  0x00000171e5a3f0c0 JavaThread "Cache worker for execution history cache (C:\Users\Martins\AndroidStudioProjects\Odiyo\.gradle\7.5\executionHistory)" [_thread_blocked, id=15936, stack(0x0000004cdad00000,0x0000004cdae00000)]
  0x00000171e5a3ff30 JavaThread "WorkerExecutor Queue" [_thread_blocked, id=11672, stack(0x0000004cdae00000,0x0000004cdaf00000)]
  0x00000171e5a408d0 JavaThread "RMI Scheduler(0)" daemon [_thread_blocked, id=2224, stack(0x0000004cdaf00000,0x0000004cdb000000)]
  0x00000171e5a3b700 JavaThread "RMI GC Daemon" daemon [_thread_blocked, id=2164, stack(0x0000004cdb100000,0x0000004cdb200000)]
  0x00000171e5a3dd80 JavaThread "RMI TCP Accept-0" daemon [_thread_in_native, id=12544, stack(0x0000004cdb300000,0x0000004cdb400000)]
  0x00000171e5a3e720 JavaThread "RMI Reaper" [_thread_blocked, id=3740, stack(0x0000004cdb400000,0x0000004cdb500000)]
  0x00000171e5a3e250 JavaThread "RMI TCP Connection(idle)" daemon [_thread_blocked, id=5728, stack(0x0000004cdb500000,0x0000004cdb600000)]
  0x00000171e5a3d8b0 JavaThread "WorkerExecutor Queue Thread 2" [_thread_blocked, id=6892, stack(0x0000004cdb200000,0x0000004cdb300000)]

Other Threads:
=>0x00000171de472ce0 VMThread "VM Thread" [stack: 0x0000004cd5200000,0x0000004cd5300000] [id=1816]
  0x00000171df1b0c80 WatcherThread [stack: 0x0000004cd5e00000,0x0000004cd5f00000] [id=12560]
  0x00000171c4f253e0 GCTaskThread "GC Thread#0" [stack: 0x0000004cd4d00000,0x0000004cd4e00000] [id=1680]
  0x00000171df4203c0 GCTaskThread "GC Thread#1" [stack: 0x0000004cd5f00000,0x0000004cd6000000] [id=14340]
  0x00000171df420670 GCTaskThread "GC Thread#2" [stack: 0x0000004cd6000000,0x0000004cd6100000] [id=7640]
  0x00000171df6f42d0 GCTaskThread "GC Thread#3" [stack: 0x0000004cd6100000,0x0000004cd6200000] [id=11816]
  0x00000171c4f36230 ConcurrentGCThread "G1 Main Marker" [stack: 0x0000004cd4e00000,0x0000004cd4f00000] [id=11944]
  0x00000171c4f36b50 ConcurrentGCThread "G1 Conc#0" [stack: 0x0000004cd4f00000,0x0000004cd5000000] [id=7876]
  0x00000171de2e0090 ConcurrentGCThread "G1 Refine#0" [stack: 0x0000004cd5000000,0x0000004cd5100000] [id=5556]
  0x00000171e1476030 ConcurrentGCThread "G1 Refine#1" [stack: 0x0000004cd7600000,0x0000004cd7700000] [id=13988]
  0x00000171de2e19d0 ConcurrentGCThread "G1 Service" [stack: 0x0000004cd5100000,0x0000004cd5200000] [id=10592]

Threads with active compile tasks:
C2 CompilerThread0   964511 14308   !   4       java.util.concurrent.ConcurrentHashMap::transfer (849 bytes)
C1 CompilerThread0   964511 14314       3       java.nio.DirectByteBuffer::<init> (60 bytes)

VM state: at safepoint (normal execution)

VM Mutex/Monitor currently owned by a thread:  ([mutex/lock_event])
[0x00000171c4ec45d0] Threads_lock - owner thread: 0x00000171de472ce0
[0x00000171c4ec4030] Heap_lock - owner thread: 0x00000171e5a3ff30

Heap address: 0x0000000080000000, size: 2048 MB, Compressed Oops mode: 32-bit

CDS archive(s) not mapped
Compressed class space mapped at: 0x0000000100000000-0x0000000140000000, reserved size: 1073741824
Narrow klass base: 0x0000000000000000, Narrow klass shift: 3, Narrow klass range: 0x140000000

GC Precious Log:
 CPUs: 4 total, 4 available
 Memory: 8097M
 Large Page Support: Disabled
 NUMA Support: Disabled
 Compressed Oops: Enabled (32-bit)
 Heap Region Size: 1M
 Heap Min Capacity: 8M
 Heap Initial Capacity: 128M
 Heap Max Capacity: 2G
 Pre-touch: Disabled
 Parallel Workers: 4
 Concurrent Workers: 1
 Concurrent Refinement Workers: 4
 Periodic GC: Disabled

Heap:
 garbage-first heap   total 254976K, used 155516K [0x0000000080000000, 0x0000000100000000)
  region size 1024K, 2 young (2048K), 2 survivors (2048K)
 Metaspace       used 103511K, committed 104192K, reserved 1146880K
  class space    used 13865K, committed 14208K, reserved 1048576K

Heap Regions: E=young(eden), S=young(survivor), O=old, HS=humongous(starts), HC=humongous(continues), CS=collection set, F=free, OA=open archive, CA=closed archive, TAMS=top-at-mark-start (previous, next)
|   0|0x0000000080000000, 0x0000000080100000, 0x0000000080100000|100%|HS|  |TAMS 0x0000000080100000, 0x0000000080000000| Complete 
|   1|0x0000000080100000, 0x0000000080200000, 0x0000000080200000|100%|HC|  |TAMS 0x0000000080200000, 0x0000000080100000| Complete 
|   2|0x0000000080200000, 0x0000000080300000, 0x0000000080300000|100%|HC|  |TAMS 0x0000000080300000, 0x0000000080200000| Complete 
|   3|0x0000000080300000, 0x0000000080400000, 0x0000000080400000|100%| O|  |TAMS 0x0000000080400000, 0x0000000080300000| Untracked 
|   4|0x0000000080400000, 0x0000000080500000, 0x0000000080500000|100%| O|  |TAMS 0x0000000080500000, 0x0000000080400000| Untracked 
|   5|0x0000000080500000, 0x0000000080600000, 0x0000000080600000|100%| O|  |TAMS 0x0000000080600000, 0x0000000080500000| Untracked 
|   6|0x0000000080600000, 0x0000000080700000, 0x0000000080700000|100%| O|  |TAMS 0x0000000080700000, 0x0000000080600000| Untracked 
|   7|0x0000000080700000, 0x0000000080800000, 0x0000000080800000|100%| O|  |TAMS 0x0000000080800000, 0x0000000080700000| Untracked 
|   8|0x0000000080800000, 0x0000000080900000, 0x0000000080900000|100%| O|  |TAMS 0x0000000080900000, 0x0000000080800000| Untracked 
|   9|0x0000000080900000, 0x0000000080a00000, 0x0000000080a00000|100%| O|  |TAMS 0x0000000080a00000, 0x0000000080900000| Untracked 
|  10|0x0000000080a00000, 0x0000000080b00000, 0x0000000080b00000|100%| O|  |TAMS 0x0000000080b00000, 0x0000000080a00000| Untracked 
|  11|0x0000000080b00000, 0x0000000080c00000, 0x0000000080c00000|100%| O|  |TAMS 0x0000000080c00000, 0x0000000080b00000| Untracked 
|  12|0x0000000080c00000, 0x0000000080d00000, 0x0000000080d00000|100%| O|  |TAMS 0x0000000080d00000, 0x0000000080c00000| Untracked 
|  13|0x0000000080d00000, 0x0000000080e00000, 0x0000000080e00000|100%| O|  |TAMS 0x0000000080e00000, 0x0000000080d00000| Untracked 
|  14|0x0000000080e00000, 0x0000000080f00000, 0x0000000080f00000|100%| O|  |TAMS 0x0000000080f00000, 0x0000000080e00000| Untracked 
|  15|0x0000000080f00000, 0x0000000081000000, 0x0000000081000000|100%| O|  |TAMS 0x0000000081000000, 0x0000000080f00000| Untracked 
|  16|0x0000000081000000, 0x0000000081100000, 0x0000000081100000|100%| O|  |TAMS 0x0000000081100000, 0x0000000081000000| Untracked 
|  17|0x0000000081100000, 0x0000000081200000, 0x0000000081200000|100%| O|  |TAMS 0x0000000081200000, 0x0000000081100000| Untracked 
|  18|0x0000000081200000, 0x0000000081300000, 0x0000000081300000|100%| O|  |TAMS 0x0000000081300000, 0x0000000081200000| Untracked 
|  19|0x0000000081300000, 0x0000000081400000, 0x0000000081400000|100%| O|  |TAMS 0x0000000081400000, 0x0000000081300000| Untracked 
|  20|0x0000000081400000, 0x0000000081500000, 0x0000000081500000|100%| O|  |TAMS 0x0000000081500000, 0x0000000081400000| Untracked 
|  21|0x0000000081500000, 0x0000000081600000, 0x0000000081600000|100%| O|  |TAMS 0x0000000081600000, 0x0000000081500000| Untracked 
|  22|0x0000000081600000, 0x0000000081700000, 0x0000000081700000|100%| O|  |TAMS 0x0000000081700000, 0x0000000081600000| Untracked 
|  23|0x0000000081700000, 0x0000000081800000, 0x0000000081800000|100%| O|  |TAMS 0x0000000081800000, 0x0000000081700000| Untracked 
|  24|0x0000000081800000, 0x0000000081900000, 0x0000000081900000|100%| O|  |TAMS 0x0000000081900000, 0x0000000081800000| Untracked 
|  25|0x0000000081900000, 0x0000000081a00000, 0x0000000081a00000|100%| O|  |TAMS 0x0000000081a00000, 0x0000000081900000| Untracked 
|  26|0x0000000081a00000, 0x0000000081b00000, 0x0000000081b00000|100%| O|  |TAMS 0x0000000081b00000, 0x0000000081a00000| Untracked 
|  27|0x0000000081b00000, 0x0000000081c00000, 0x0000000081c00000|100%| O|  |TAMS 0x0000000081c00000, 0x0000000081b00000| Untracked 
|  28|0x0000000081c00000, 0x0000000081d00000, 0x0000000081d00000|100%| O|  |TAMS 0x0000000081d00000, 0x0000000081c00000| Untracked 
|  29|0x0000000081d00000, 0x0000000081e00000, 0x0000000081e00000|100%| O|  |TAMS 0x0000000081e00000, 0x0000000081d00000| Untracked 
|  30|0x0000000081e00000, 0x0000000081f00000, 0x0000000081f00000|100%| O|  |TAMS 0x0000000081f00000, 0x0000000081e00000| Untracked 
|  31|0x0000000081f00000, 0x0000000082000000, 0x0000000082000000|100%| O|  |TAMS 0x0000000082000000, 0x0000000081f00000| Untracked 
|  32|0x0000000082000000, 0x0000000082100000, 0x0000000082100000|100%| O|  |TAMS 0x0000000082100000, 0x0000000082000000| Untracked 
|  33|0x0000000082100000, 0x0000000082200000, 0x0000000082200000|100%| O|  |TAMS 0x0000000082200000, 0x0000000082100000| Untracked 
|  34|0x0000000082200000, 0x0000000082300000, 0x0000000082300000|100%| O|  |TAMS 0x0000000082300000, 0x0000000082200000| Untracked 
|  35|0x0000000082300000, 0x0000000082400000, 0x0000000082400000|100%|HS|  |TAMS 0x0000000082400000, 0x0000000082300000| Complete 
|  36|0x0000000082400000, 0x0000000082500000, 0x0000000082500000|100%| O|  |TAMS 0x0000000082500000, 0x0000000082400000| Untracked 
|  37|0x0000000082500000, 0x0000000082600000, 0x0000000082600000|100%|HS|  |TAMS 0x0000000082600000, 0x0000000082500000| Complete 
|  38|0x0000000082600000, 0x0000000082700000, 0x0000000082700000|100%|HC|  |TAMS 0x0000000082700000, 0x0000000082600000| Complete 
|  39|0x0000000082700000, 0x0000000082800000, 0x0000000082800000|100%|HS|  |TAMS 0x0000000082800000, 0x0000000082700000| Complete 
|  40|0x0000000082800000, 0x0000000082900000, 0x0000000082900000|100%| O|  |TAMS 0x0000000082900000, 0x0000000082800000| Untracked 
|  41|0x0000000082900000, 0x0000000082a00000, 0x0000000082a00000|100%| O|  |TAMS 0x0000000082a00000, 0x0000000082900000| Untracked 
|  42|0x0000000082a00000, 0x0000000082b00000, 0x0000000082b00000|100%|HS|  |TAMS 0x0000000082b00000, 0x0000000082a00000| Complete 
|  43|0x0000000082b00000, 0x0000000082c00000, 0x0000000082c00000|100%|HC|  |TAMS 0x0000000082c00000, 0x0000000082b00000| Complete 
|  44|0x0000000082c00000, 0x0000000082d00000, 0x0000000082d00000|100%|HC|  |TAMS 0x0000000082d00000, 0x0000000082c00000| Complete 
|  45|0x0000000082d00000, 0x0000000082e00000, 0x0000000082e00000|100%|HC|  |TAMS 0x0000000082e00000, 0x0000000082d00000| Complete 
|  46|0x0000000082e00000, 0x0000000082f00000, 0x0000000082f00000|100%| O|  |TAMS 0x0000000082f00000, 0x0000000082e00000| Untracked 
|  47|0x0000000082f00000, 0x0000000083000000, 0x0000000083000000|100%| O|  |TAMS 0x0000000083000000, 0x0000000082f00000| Untracked 
|  48|0x0000000083000000, 0x0000000083100000, 0x0000000083100000|100%| O|  |TAMS 0x0000000083100000, 0x0000000083000000| Untracked 
|  49|0x0000000083100000, 0x0000000083200000, 0x0000000083200000|100%| O|  |TAMS 0x0000000083200000, 0x0000000083100000| Untracked 
|  50|0x0000000083200000, 0x0000000083300000, 0x0000000083300000|100%| O|  |TAMS 0x0000000083300000, 0x0000000083200000| Untracked 
|  51|0x0000000083300000, 0x0000000083400000, 0x0000000083400000|100%| O|  |TAMS 0x0000000083400000, 0x0000000083300000| Untracked 
|  52|0x0000000083400000, 0x0000000083500000, 0x0000000083500000|100%| O|  |TAMS 0x0000000083500000, 0x0000000083400000| Untracked 
|  53|0x0000000083500000, 0x0000000083600000, 0x0000000083600000|100%| O|  |TAMS 0x0000000083600000, 0x0000000083500000| Untracked 
|  54|0x0000000083600000, 0x0000000083700000, 0x0000000083700000|100%| O|  |TAMS 0x0000000083700000, 0x0000000083600000| Untracked 
|  55|0x0000000083700000, 0x0000000083800000, 0x0000000083800000|100%| O|  |TAMS 0x0000000083800000, 0x0000000083700000| Untracked 
|  56|0x0000000083800000, 0x0000000083900000, 0x0000000083900000|100%| O|  |TAMS 0x0000000083900000, 0x0000000083800000| Untracked 
|  57|0x0000000083900000, 0x0000000083a00000, 0x0000000083a00000|100%| O|  |TAMS 0x0000000083a00000, 0x0000000083900000| Untracked 
|  58|0x0000000083a00000, 0x0000000083b00000, 0x0000000083b00000|100%| O|  |TAMS 0x0000000083b00000, 0x0000000083a00000| Untracked 
|  59|0x0000000083b00000, 0x0000000083c00000, 0x0000000083c00000|100%| O|  |TAMS 0x0000000083c00000, 0x0000000083b00000| Untracked 
|  60|0x0000000083c00000, 0x0000000083d00000, 0x0000000083d00000|100%| O|  |TAMS 0x0000000083d00000, 0x0000000083c00000| Untracked 
|  61|0x0000000083d00000, 0x0000000083e00000, 0x0000000083e00000|100%| O|  |TAMS 0x0000000083e00000, 0x0000000083d00000| Untracked 
|  62|0x0000000083e00000, 0x0000000083f00000, 0x0000000083f00000|100%| O|  |TAMS 0x0000000083f00000, 0x0000000083e00000| Untracked 
|  63|0x0000000083f00000, 0x0000000084000000, 0x0000000084000000|100%| O|  |TAMS 0x0000000084000000, 0x0000000083f00000| Untracked 
|  64|0x0000000084000000, 0x0000000084100000, 0x0000000084100000|100%| O|  |TAMS 0x0000000084100000, 0x0000000084000000| Untracked 
|  65|0x0000000084100000, 0x0000000084200000, 0x0000000084200000|100%| O|  |TAMS 0x0000000084200000, 0x0000000084100000| Untracked 
|  66|0x0000000084200000, 0x0000000084300000, 0x0000000084300000|100%| O|  |TAMS 0x0000000084300000, 0x0000000084200000| Untracked 
|  67|0x0000000084300000, 0x0000000084400000, 0x0000000084400000|100%| O|  |TAMS 0x0000000084400000, 0x0000000084300000| Untracked 
|  68|0x0000000084400000, 0x0000000084500000, 0x0000000084500000|100%| O|  |TAMS 0x0000000084500000, 0x0000000084400000| Untracked 
|  69|0x0000000084500000, 0x0000000084600000, 0x0000000084600000|100%| O|  |TAMS 0x0000000084600000, 0x0000000084500000| Untracked 
|  70|0x0000000084600000, 0x0000000084700000, 0x0000000084700000|100%| O|  |TAMS 0x0000000084700000, 0x0000000084600000| Untracked 
|  71|0x0000000084700000, 0x0000000084800000, 0x0000000084800000|100%| O|  |TAMS 0x0000000084800000, 0x0000000084700000| Untracked 
|  72|0x0000000084800000, 0x0000000084900000, 0x0000000084900000|100%| O|  |TAMS 0x0000000084900000, 0x0000000084800000| Untracked 
|  73|0x0000000084900000, 0x0000000084a00000, 0x0000000084a00000|100%| O|  |TAMS 0x0000000084a00000, 0x0000000084900000| Untracked 
|  74|0x0000000084a00000, 0x0000000084b00000, 0x0000000084b00000|100%| O|  |TAMS 0x0000000084b00000, 0x0000000084a00000| Untracked 
|  75|0x0000000084b00000, 0x0000000084c00000, 0x0000000084c00000|100%| O|  |TAMS 0x0000000084c00000, 0x0000000084b00000| Untracked 
|  76|0x0000000084c00000, 0x0000000084d00000, 0x0000000084d00000|100%| O|  |TAMS 0x0000000084d00000, 0x0000000084c00000| Untracked 
|  77|0x0000000084d00000, 0x0000000084e00000, 0x0000000084e00000|100%| O|  |TAMS 0x0000000084e00000, 0x0000000084d00000| Untracked 
|  78|0x0000000084e00000, 0x0000000084f00000, 0x0000000084f00000|100%| O|  |TAMS 0x0000000084f00000, 0x0000000084e00000| Untracked 
|  79|0x0000000084f00000, 0x0000000085000000, 0x0000000085000000|100%| O|  |TAMS 0x0000000085000000, 0x0000000084f00000| Untracked 
|  80|0x0000000085000000, 0x0000000085100000, 0x0000000085100000|100%| O|  |TAMS 0x0000000085100000, 0x0000000085000000| Untracked 
|  81|0x0000000085100000, 0x0000000085200000, 0x0000000085200000|100%| O|  |TAMS 0x0000000085200000, 0x0000000085100000| Untracked 
|  82|0x0000000085200000, 0x0000000085300000, 0x0000000085300000|100%| O|  |TAMS 0x0000000085300000, 0x0000000085200000| Untracked 
|  83|0x0000000085300000, 0x0000000085400000, 0x0000000085400000|100%| O|  |TAMS 0x0000000085400000, 0x0000000085300000| Untracked 
|  84|0x0000000085400000, 0x0000000085500000, 0x0000000085500000|100%| O|  |TAMS 0x0000000085500000, 0x0000000085400000| Untracked 
|  85|0x0000000085500000, 0x0000000085600000, 0x0000000085600000|100%| O|  |TAMS 0x0000000085600000, 0x0000000085500000| Untracked 
|  86|0x0000000085600000, 0x0000000085700000, 0x0000000085700000|100%| O|  |TAMS 0x0000000085700000, 0x0000000085600000| Untracked 
|  87|0x0000000085700000, 0x0000000085800000, 0x0000000085800000|100%| O|  |TAMS 0x0000000085800000, 0x0000000085700000| Untracked 
|  88|0x0000000085800000, 0x0000000085900000, 0x0000000085900000|100%| O|  |TAMS 0x0000000085900000, 0x0000000085800000| Untracked 
|  89|0x0000000085900000, 0x0000000085900000, 0x0000000085a00000|  0%| F|  |TAMS 0x0000000085900000, 0x0000000085900000| Untracked 
|  90|0x0000000085a00000, 0x0000000085b00000, 0x0000000085b00000|100%| O|  |TAMS 0x0000000085b00000, 0x0000000085a00000| Untracked 
|  91|0x0000000085b00000, 0x0000000085c00000, 0x0000000085c00000|100%| O|  |TAMS 0x0000000085c00000, 0x0000000085b00000| Untracked 
|  92|0x0000000085c00000, 0x0000000085d00000, 0x0000000085d00000|100%| O|  |TAMS 0x0000000085d00000, 0x0000000085c00000| Untracked 
|  93|0x0000000085d00000, 0x0000000085e00000, 0x0000000085e00000|100%| O|  |TAMS 0x0000000085e00000, 0x0000000085d00000| Untracked 
|  94|0x0000000085e00000, 0x0000000085f00000, 0x0000000085f00000|100%| O|  |TAMS 0x0000000085f00000, 0x0000000085e00000| Untracked 
|  95|0x0000000085f00000, 0x0000000086000000, 0x0000000086000000|100%| O|  |TAMS 0x0000000086000000, 0x0000000085f00000| Untracked 
|  96|0x0000000086000000, 0x0000000086100000, 0x0000000086100000|100%| O|  |TAMS 0x0000000086100000, 0x0000000086000000| Untracked 
|  97|0x0000000086100000, 0x0000000086200000, 0x0000000086200000|100%| O|  |TAMS 0x0000000086200000, 0x0000000086100000| Untracked 
|  98|0x0000000086200000, 0x0000000086200000, 0x0000000086300000|  0%| F|  |TAMS 0x0000000086200000, 0x0000000086200000| Untracked 
|  99|0x0000000086300000, 0x0000000086400000, 0x0000000086400000|100%| O|  |TAMS 0x0000000086400000, 0x0000000086300000| Untracked 
| 100|0x0000000086400000, 0x0000000086500000, 0x0000000086500000|100%| O|  |TAMS 0x0000000086500000, 0x0000000086400000| Untracked 
| 101|0x0000000086500000, 0x0000000086500000, 0x0000000086600000|  0%| F|  |TAMS 0x0000000086500000, 0x0000000086500000| Untracked 
| 102|0x0000000086600000, 0x0000000086700000, 0x0000000086700000|100%| O|  |TAMS 0x0000000086700000, 0x0000000086600000| Untracked 
| 103|0x0000000086700000, 0x0000000086800000, 0x0000000086800000|100%| O|  |TAMS 0x0000000086800000, 0x0000000086700000| Untracked 
| 104|0x0000000086800000, 0x0000000086900000, 0x0000000086900000|100%| O|  |TAMS 0x0000000086900000, 0x0000000086800000| Untracked 
| 105|0x0000000086900000, 0x0000000086a00000, 0x0000000086a00000|100%| O|  |TAMS 0x0000000086a00000, 0x0000000086900000| Untracked 
| 106|0x0000000086a00000, 0x0000000086b00000, 0x0000000086b00000|100%| O|  |TAMS 0x0000000086b00000, 0x0000000086a00000| Untracked 
| 107|0x0000000086b00000, 0x0000000086c00000, 0x0000000086c00000|100%| O|  |TAMS 0x0000000086c00000, 0x0000000086b00000| Untracked 
| 108|0x0000000086c00000, 0x0000000086d00000, 0x0000000086d00000|100%| O|  |TAMS 0x0000000086d00000, 0x0000000086c00000| Untracked 
| 109|0x0000000086d00000, 0x0000000086e00000, 0x0000000086e00000|100%| O|  |TAMS 0x0000000086e00000, 0x0000000086d00000| Untracked 
| 110|0x0000000086e00000, 0x0000000086f00000, 0x0000000086f00000|100%| O|  |TAMS 0x0000000086f00000, 0x0000000086e00000| Untracked 
| 111|0x0000000086f00000, 0x0000000087000000, 0x0000000087000000|100%| O|  |TAMS 0x0000000087000000, 0x0000000086f00000| Untracked 
| 112|0x0000000087000000, 0x0000000087100000, 0x0000000087100000|100%| O|  |TAMS 0x0000000087100000, 0x0000000087000000| Untracked 
| 113|0x0000000087100000, 0x0000000087200000, 0x0000000087200000|100%| O|  |TAMS 0x0000000087200000, 0x0000000087100000| Untracked 
| 114|0x0000000087200000, 0x0000000087300000, 0x0000000087300000|100%| O|  |TAMS 0x0000000087300000, 0x0000000087200000| Untracked 
| 115|0x0000000087300000, 0x0000000087400000, 0x0000000087400000|100%| O|  |TAMS 0x0000000087400000, 0x0000000087300000| Untracked 
| 116|0x0000000087400000, 0x0000000087500000, 0x0000000087500000|100%| O|  |TAMS 0x0000000087500000, 0x0000000087400000| Untracked 
| 117|0x0000000087500000, 0x0000000087600000, 0x0000000087600000|100%| O|  |TAMS 0x0000000087600000, 0x0000000087500000| Untracked 
| 118|0x0000000087600000, 0x0000000087700000, 0x0000000087700000|100%| O|  |TAMS 0x0000000087700000, 0x0000000087600000| Untracked 
| 119|0x0000000087700000, 0x0000000087800000, 0x0000000087800000|100%| O|  |TAMS 0x0000000087800000, 0x0000000087700000| Untracked 
| 120|0x0000000087800000, 0x0000000087900000, 0x0000000087900000|100%| O|  |TAMS 0x0000000087900000, 0x0000000087800000| Untracked 
| 121|0x0000000087900000, 0x0000000087a00000, 0x0000000087a00000|100%| O|  |TAMS 0x0000000087900000, 0x0000000087900000| Untracked 
| 122|0x0000000087a00000, 0x0000000087b00000, 0x0000000087b00000|100%| O|  |TAMS 0x0000000087a00000, 0x0000000087a00000| Untracked 
| 123|0x0000000087b00000, 0x0000000087c00000, 0x0000000087c00000|100%| O|  |TAMS 0x0000000087c00000, 0x0000000087b00000| Untracked 
| 124|0x0000000087c00000, 0x0000000087d00000, 0x0000000087d00000|100%| O|  |TAMS 0x0000000087d00000, 0x0000000087c00000| Untracked 
| 125|0x0000000087d00000, 0x0000000087e00000, 0x0000000087e00000|100%| O|  |TAMS 0x0000000087e00000, 0x0000000087d00000| Untracked 
| 126|0x0000000087e00000, 0x0000000087f00000, 0x0000000087f00000|100%| O|  |TAMS 0x0000000087f00000, 0x0000000087e00000| Untracked 
| 127|0x0000000087f00000, 0x0000000088000000, 0x0000000088000000|100%| O|  |TAMS 0x0000000088000000, 0x0000000087f00000| Untracked 
| 128|0x0000000088000000, 0x0000000088100000, 0x0000000088100000|100%| O|  |TAMS 0x0000000088100000, 0x0000000088000000| Untracked 
| 129|0x0000000088100000, 0x0000000088200000, 0x0000000088200000|100%| O|  |TAMS 0x0000000088200000, 0x0000000088100000| Untracked 
| 130|0x0000000088200000, 0x0000000088300000, 0x0000000088300000|100%| O|  |TAMS 0x0000000088300000, 0x0000000088200000| Untracked 
| 131|0x0000000088300000, 0x0000000088400000, 0x0000000088400000|100%| O|  |TAMS 0x0000000088400000, 0x0000000088300000| Untracked 
| 132|0x0000000088400000, 0x0000000088500000, 0x0000000088500000|100%| O|  |TAMS 0x0000000088500000, 0x0000000088400000| Untracked 
| 133|0x0000000088500000, 0x0000000088600000, 0x0000000088600000|100%| O|  |TAMS 0x0000000088600000, 0x0000000088500000| Untracked 
| 134|0x0000000088600000, 0x0000000088700000, 0x0000000088700000|100%| O|  |TAMS 0x0000000088639800, 0x0000000088600000| Untracked 
| 135|0x0000000088700000, 0x0000000088800000, 0x0000000088800000|100%| O|  |TAMS 0x0000000088700000, 0x0000000088700000| Untracked 
| 136|0x0000000088800000, 0x0000000088900000, 0x0000000088900000|100%| O|  |TAMS 0x0000000088800000, 0x0000000088800000| Untracked 
| 137|0x0000000088900000, 0x0000000088a00000, 0x0000000088a00000|100%| O|  |TAMS 0x0000000088900000, 0x0000000088900000| Untracked 
| 138|0x0000000088a00000, 0x0000000088b00000, 0x0000000088b00000|100%| O|  |TAMS 0x0000000088a00000, 0x0000000088a00000| Untracked 
| 139|0x0000000088b00000, 0x0000000088c00000, 0x0000000088c00000|100%| O|  |TAMS 0x0000000088b00000, 0x0000000088b00000| Untracked 
| 140|0x0000000088c00000, 0x0000000088d00000, 0x0000000088d00000|100%| O|  |TAMS 0x0000000088c00000, 0x0000000088c00000| Untracked 
| 141|0x0000000088d00000, 0x0000000088e00000, 0x0000000088e00000|100%| O|  |TAMS 0x0000000088d00000, 0x0000000088d00000| Untracked 
| 142|0x0000000088e00000, 0x0000000088f00000, 0x0000000088f00000|100%| O|  |TAMS 0x0000000088e00000, 0x0000000088e00000| Untracked 
| 143|0x0000000088f00000, 0x0000000089000000, 0x0000000089000000|100%| O|  |TAMS 0x0000000088f00000, 0x0000000088f00000| Untracked 
| 144|0x0000000089000000, 0x0000000089100000, 0x0000000089100000|100%| O|  |TAMS 0x0000000089000000, 0x0000000089000000| Untracked 
| 145|0x0000000089100000, 0x0000000089200000, 0x0000000089200000|100%| O|  |TAMS 0x0000000089100000, 0x0000000089100000| Untracked 
| 146|0x0000000089200000, 0x0000000089300000, 0x0000000089300000|100%| O|  |TAMS 0x0000000089200000, 0x0000000089200000| Untracked 
| 147|0x0000000089300000, 0x0000000089400000, 0x0000000089400000|100%|HS|  |TAMS 0x0000000089300000, 0x0000000089300000| Complete 
| 148|0x0000000089400000, 0x0000000089500000, 0x0000000089500000|100%|HC|  |TAMS 0x0000000089400000, 0x0000000089400000| Complete 
| 149|0x0000000089500000, 0x0000000089600000, 0x0000000089600000|100%|HC|  |TAMS 0x0000000089500000, 0x0000000089500000| Complete 
| 150|0x0000000089600000, 0x0000000089700000, 0x0000000089700000|100%|HC|  |TAMS 0x0000000089600000, 0x0000000089600000| Complete 
| 151|0x0000000089700000, 0x0000000089800000, 0x0000000089800000|100%| O|  |TAMS 0x0000000089700000, 0x0000000089700000| Untracked 
| 152|0x0000000089800000, 0x00000000898df000, 0x0000000089900000| 87%| O|  |TAMS 0x0000000089800000, 0x0000000089800000| Untracked 
| 153|0x0000000089900000, 0x0000000089900000, 0x0000000089a00000|  0%| F|  |TAMS 0x0000000089900000, 0x0000000089900000| Untracked 
| 154|0x0000000089a00000, 0x0000000089a00000, 0x0000000089b00000|  0%| F|  |TAMS 0x0000000089a00000, 0x0000000089a00000| Untracked 
| 155|0x0000000089b00000, 0x0000000089b00000, 0x0000000089c00000|  0%| F|  |TAMS 0x0000000089b00000, 0x0000000089b00000| Untracked 
| 156|0x0000000089c00000, 0x0000000089c00000, 0x0000000089d00000|  0%| F|  |TAMS 0x0000000089c00000, 0x0000000089c00000| Untracked 
| 157|0x0000000089d00000, 0x0000000089d00000, 0x0000000089e00000|  0%| F|  |TAMS 0x0000000089d00000, 0x0000000089d00000| Untracked 
| 158|0x0000000089e00000, 0x0000000089e00000, 0x0000000089f00000|  0%| F|  |TAMS 0x0000000089e00000, 0x0000000089e00000| Untracked 
| 159|0x0000000089f00000, 0x0000000089f00000, 0x000000008a000000|  0%| F|  |TAMS 0x0000000089f00000, 0x0000000089f00000| Untracked 
| 160|0x000000008a000000, 0x000000008a000000, 0x000000008a100000|  0%| F|  |TAMS 0x000000008a000000, 0x000000008a000000| Untracked 
| 161|0x000000008a100000, 0x000000008a100000, 0x000000008a200000|  0%| F|  |TAMS 0x000000008a100000, 0x000000008a100000| Untracked 
| 162|0x000000008a200000, 0x000000008a200000, 0x000000008a300000|  0%| F|  |TAMS 0x000000008a200000, 0x000000008a200000| Untracked 
| 163|0x000000008a300000, 0x000000008a300000, 0x000000008a400000|  0%| F|  |TAMS 0x000000008a300000, 0x000000008a300000| Untracked 
| 164|0x000000008a400000, 0x000000008a400000, 0x000000008a500000|  0%| F|  |TAMS 0x000000008a400000, 0x000000008a400000| Untracked 
| 165|0x000000008a500000, 0x000000008a500000, 0x000000008a600000|  0%| F|  |TAMS 0x000000008a500000, 0x000000008a500000| Untracked 
| 166|0x000000008a600000, 0x000000008a600000, 0x000000008a700000|  0%| F|  |TAMS 0x000000008a600000, 0x000000008a600000| Untracked 
| 167|0x000000008a700000, 0x000000008a700000, 0x000000008a800000|  0%| F|  |TAMS 0x000000008a700000, 0x000000008a700000| Untracked 
| 168|0x000000008a800000, 0x000000008a800000, 0x000000008a900000|  0%| F|  |TAMS 0x000000008a800000, 0x000000008a800000| Untracked 
| 169|0x000000008a900000, 0x000000008a900000, 0x000000008aa00000|  0%| F|  |TAMS 0x000000008a900000, 0x000000008a900000| Untracked 
| 170|0x000000008aa00000, 0x000000008aa00000, 0x000000008ab00000|  0%| F|  |TAMS 0x000000008aa00000, 0x000000008aa00000| Untracked 
| 171|0x000000008ab00000, 0x000000008ab00000, 0x000000008ac00000|  0%| F|  |TAMS 0x000000008ab00000, 0x000000008ab00000| Untracked 
| 172|0x000000008ac00000, 0x000000008ac00000, 0x000000008ad00000|  0%| F|  |TAMS 0x000000008ac00000, 0x000000008ac00000| Untracked 
| 173|0x000000008ad00000, 0x000000008ad00000, 0x000000008ae00000|  0%| F|  |TAMS 0x000000008ad00000, 0x000000008ad00000| Untracked 
| 174|0x000000008ae00000, 0x000000008ae00000, 0x000000008af00000|  0%| F|  |TAMS 0x000000008ae00000, 0x000000008ae00000| Untracked 
| 175|0x000000008af00000, 0x000000008af00000, 0x000000008b000000|  0%| F|  |TAMS 0x000000008af00000, 0x000000008af00000| Untracked 
| 176|0x000000008b000000, 0x000000008b000000, 0x000000008b100000|  0%| F|  |TAMS 0x000000008b000000, 0x000000008b000000| Untracked 
| 177|0x000000008b100000, 0x000000008b100000, 0x000000008b200000|  0%| F|  |TAMS 0x000000008b100000, 0x000000008b100000| Untracked 
| 178|0x000000008b200000, 0x000000008b200000, 0x000000008b300000|  0%| F|  |TAMS 0x000000008b200000, 0x000000008b200000| Untracked 
| 179|0x000000008b300000, 0x000000008b300000, 0x000000008b400000|  0%| F|  |TAMS 0x000000008b300000, 0x000000008b300000| Untracked 
| 180|0x000000008b400000, 0x000000008b400000, 0x000000008b500000|  0%| F|  |TAMS 0x000000008b400000, 0x000000008b400000| Untracked 
| 181|0x000000008b500000, 0x000000008b500000, 0x000000008b600000|  0%| F|  |TAMS 0x000000008b500000, 0x000000008b500000| Untracked 
| 182|0x000000008b600000, 0x000000008b600000, 0x000000008b700000|  0%| F|  |TAMS 0x000000008b600000, 0x000000008b600000| Untracked 
| 183|0x000000008b700000, 0x000000008b700000, 0x000000008b800000|  0%| F|  |TAMS 0x000000008b700000, 0x000000008b700000| Untracked 
| 184|0x000000008b800000, 0x000000008b800000, 0x000000008b900000|  0%| F|  |TAMS 0x000000008b800000, 0x000000008b800000| Untracked 
| 185|0x000000008b900000, 0x000000008b900000, 0x000000008ba00000|  0%| F|  |TAMS 0x000000008b900000, 0x000000008b900000| Untracked 
| 186|0x000000008ba00000, 0x000000008ba00000, 0x000000008bb00000|  0%| F|  |TAMS 0x000000008ba00000, 0x000000008ba00000| Untracked 
| 187|0x000000008bb00000, 0x000000008bb00000, 0x000000008bc00000|  0%| F|  |TAMS 0x000000008bb00000, 0x000000008bb00000| Untracked 
| 188|0x000000008bc00000, 0x000000008bc00000, 0x000000008bd00000|  0%| F|  |TAMS 0x000000008bc00000, 0x000000008bc00000| Untracked 
| 189|0x000000008bd00000, 0x000000008bd00000, 0x000000008be00000|  0%| F|  |TAMS 0x000000008bd00000, 0x000000008bd00000| Untracked 
| 190|0x000000008be00000, 0x000000008be00000, 0x000000008bf00000|  0%| F|  |TAMS 0x000000008be00000, 0x000000008be00000| Untracked 
| 191|0x000000008bf00000, 0x000000008bf00000, 0x000000008c000000|  0%| F|  |TAMS 0x000000008bf00000, 0x000000008bf00000| Untracked 
| 192|0x000000008c000000, 0x000000008c000000, 0x000000008c100000|  0%| F|  |TAMS 0x000000008c000000, 0x000000008c000000| Untracked 
| 193|0x000000008c100000, 0x000000008c100000, 0x000000008c200000|  0%| F|  |TAMS 0x000000008c100000, 0x000000008c100000| Untracked 
| 194|0x000000008c200000, 0x000000008c200000, 0x000000008c300000|  0%| F|  |TAMS 0x000000008c200000, 0x000000008c200000| Untracked 
| 195|0x000000008c300000, 0x000000008c300000, 0x000000008c400000|  0%| F|  |TAMS 0x000000008c300000, 0x000000008c300000| Untracked 
| 196|0x000000008c400000, 0x000000008c400000, 0x000000008c500000|  0%| F|  |TAMS 0x000000008c400000, 0x000000008c400000| Untracked 
| 197|0x000000008c500000, 0x000000008c500000, 0x000000008c600000|  0%| F|  |TAMS 0x000000008c500000, 0x000000008c500000| Untracked 
| 198|0x000000008c600000, 0x000000008c600000, 0x000000008c700000|  0%| F|  |TAMS 0x000000008c600000, 0x000000008c600000| Untracked 
| 199|0x000000008c700000, 0x000000008c700000, 0x000000008c800000|  0%| F|  |TAMS 0x000000008c700000, 0x000000008c700000| Untracked 
| 200|0x000000008c800000, 0x000000008c800000, 0x000000008c900000|  0%| F|  |TAMS 0x000000008c800000, 0x000000008c800000| Untracked 
| 201|0x000000008c900000, 0x000000008c900000, 0x000000008ca00000|  0%| F|  |TAMS 0x000000008c900000, 0x000000008c900000| Untracked 
| 202|0x000000008ca00000, 0x000000008ca00000, 0x000000008cb00000|  0%| F|  |TAMS 0x000000008ca00000, 0x000000008ca00000| Untracked 
| 203|0x000000008cb00000, 0x000000008cb00000, 0x000000008cc00000|  0%| F|  |TAMS 0x000000008cb00000, 0x000000008cb00000| Untracked 
| 204|0x000000008cc00000, 0x000000008cc00000, 0x000000008cd00000|  0%| F|  |TAMS 0x000000008cc00000, 0x000000008cc00000| Untracked 
| 205|0x000000008cd00000, 0x000000008cd00000, 0x000000008ce00000|  0%| F|  |TAMS 0x000000008cd00000, 0x000000008cd00000| Untracked 
| 206|0x000000008ce00000, 0x000000008ce00000, 0x000000008cf00000|  0%| F|  |TAMS 0x000000008ce00000, 0x000000008ce00000| Untracked 
| 207|0x000000008cf00000, 0x000000008cf00000, 0x000000008d000000|  0%| F|  |TAMS 0x000000008cf00000, 0x000000008cf00000| Untracked 
| 208|0x000000008d000000, 0x000000008d000000, 0x000000008d100000|  0%| F|  |TAMS 0x000000008d000000, 0x000000008d000000| Untracked 
| 209|0x000000008d100000, 0x000000008d100000, 0x000000008d200000|  0%| F|  |TAMS 0x000000008d100000, 0x000000008d100000| Untracked 
| 210|0x000000008d200000, 0x000000008d200000, 0x000000008d300000|  0%| F|  |TAMS 0x000000008d200000, 0x000000008d200000| Untracked 
| 211|0x000000008d300000, 0x000000008d300000, 0x000000008d400000|  0%| F|  |TAMS 0x000000008d300000, 0x000000008d300000| Untracked 
| 212|0x000000008d400000, 0x000000008d400000, 0x000000008d500000|  0%| F|  |TAMS 0x000000008d400000, 0x000000008d400000| Untracked 
| 213|0x000000008d500000, 0x000000008d500000, 0x000000008d600000|  0%| F|  |TAMS 0x000000008d500000, 0x000000008d500000| Untracked 
| 214|0x000000008d600000, 0x000000008d600000, 0x000000008d700000|  0%| F|  |TAMS 0x000000008d600000, 0x000000008d600000| Untracked 
| 215|0x000000008d700000, 0x000000008d700000, 0x000000008d800000|  0%| F|  |TAMS 0x000000008d700000, 0x000000008d700000| Untracked 
| 216|0x000000008d800000, 0x000000008d800000, 0x000000008d900000|  0%| F|  |TAMS 0x000000008d800000, 0x000000008d800000| Untracked 
| 217|0x000000008d900000, 0x000000008d900000, 0x000000008da00000|  0%| F|  |TAMS 0x000000008d900000, 0x000000008d900000| Untracked 
| 218|0x000000008da00000, 0x000000008da00000, 0x000000008db00000|  0%| F|  |TAMS 0x000000008da00000, 0x000000008da00000| Untracked 
| 219|0x000000008db00000, 0x000000008db00000, 0x000000008dc00000|  0%| F|  |TAMS 0x000000008db00000, 0x000000008db00000| Untracked 
| 220|0x000000008dc00000, 0x000000008dc00000, 0x000000008dd00000|  0%| F|  |TAMS 0x000000008dc00000, 0x000000008dc00000| Untracked 
| 221|0x000000008dd00000, 0x000000008dd00000, 0x000000008de00000|  0%| F|  |TAMS 0x000000008dd00000, 0x000000008dd00000| Untracked 
| 222|0x000000008de00000, 0x000000008de00000, 0x000000008df00000|  0%| F|  |TAMS 0x000000008de00000, 0x000000008de00000| Untracked 
| 223|0x000000008df00000, 0x000000008df00000, 0x000000008e000000|  0%| F|  |TAMS 0x000000008df00000, 0x000000008df00000| Untracked 
| 224|0x000000008e000000, 0x000000008e000000, 0x000000008e100000|  0%| F|  |TAMS 0x000000008e000000, 0x000000008e000000| Untracked 
| 225|0x000000008e100000, 0x000000008e100000, 0x000000008e200000|  0%| F|  |TAMS 0x000000008e100000, 0x000000008e100000| Untracked 
| 226|0x000000008e200000, 0x000000008e200000, 0x000000008e300000|  0%| F|  |TAMS 0x000000008e200000, 0x000000008e200000| Untracked 
| 227|0x000000008e300000, 0x000000008e300000, 0x000000008e400000|  0%| F|  |TAMS 0x000000008e300000, 0x000000008e300000| Untracked 
| 228|0x000000008e400000, 0x000000008e400000, 0x000000008e500000|  0%| F|  |TAMS 0x000000008e400000, 0x000000008e400000| Untracked 
| 229|0x000000008e500000, 0x000000008e500000, 0x000000008e600000|  0%| F|  |TAMS 0x000000008e500000, 0x000000008e500000| Untracked 
| 230|0x000000008e600000, 0x000000008e600000, 0x000000008e700000|  0%| F|  |TAMS 0x000000008e600000, 0x000000008e600000| Untracked 
| 231|0x000000008e700000, 0x000000008e700000, 0x000000008e800000|  0%| F|  |TAMS 0x000000008e700000, 0x000000008e700000| Untracked 
| 232|0x000000008e800000, 0x000000008e800000, 0x000000008e900000|  0%| F|  |TAMS 0x000000008e800000, 0x000000008e800000| Untracked 
| 233|0x000000008e900000, 0x000000008e900000, 0x000000008ea00000|  0%| F|  |TAMS 0x000000008e900000, 0x000000008e900000| Untracked 
| 234|0x000000008ea00000, 0x000000008ea00000, 0x000000008eb00000|  0%| F|  |TAMS 0x000000008ea00000, 0x000000008ea00000| Untracked 
| 235|0x000000008eb00000, 0x000000008ec00000, 0x000000008ec00000|100%| S|CS|TAMS 0x000000008eb00000, 0x000000008eb00000| Complete 
| 236|0x000000008ec00000, 0x000000008ed00000, 0x000000008ed00000|100%| S|CS|TAMS 0x000000008ec00000, 0x000000008ec00000| Complete 
| 237|0x000000008ed00000, 0x000000008ed00000, 0x000000008ee00000|  0%| F|  |TAMS 0x000000008ed00000, 0x000000008ed00000| Untracked 
| 238|0x000000008ee00000, 0x000000008ee00000, 0x000000008ef00000|  0%| F|  |TAMS 0x000000008ee00000, 0x000000008ee00000| Untracked 
| 239|0x000000008ef00000, 0x000000008ef00000, 0x000000008f000000|  0%| F|  |TAMS 0x000000008ef00000, 0x000000008ef00000| Untracked 
| 240|0x000000008f000000, 0x000000008f000000, 0x000000008f100000|  0%| F|  |TAMS 0x000000008f000000, 0x000000008f000000| Untracked 
| 241|0x000000008f100000, 0x000000008f100000, 0x000000008f200000|  0%| F|  |TAMS 0x000000008f100000, 0x000000008f100000| Untracked 
| 242|0x000000008f200000, 0x000000008f200000, 0x000000008f300000|  0%| F|  |TAMS 0x000000008f200000, 0x000000008f200000| Untracked 
| 243|0x000000008f300000, 0x000000008f300000, 0x000000008f400000|  0%| F|  |TAMS 0x000000008f300000, 0x000000008f300000| Untracked 
| 244|0x000000008f400000, 0x000000008f400000, 0x000000008f500000|  0%| F|  |TAMS 0x000000008f400000, 0x000000008f400000| Untracked 
| 245|0x000000008f500000, 0x000000008f500000, 0x000000008f600000|  0%| F|  |TAMS 0x000000008f500000, 0x000000008f500000| Untracked 
| 246|0x000000008f600000, 0x000000008f600000, 0x000000008f700000|  0%| F|  |TAMS 0x000000008f600000, 0x000000008f600000| Untracked 
| 247|0x000000008f700000, 0x000000008f700000, 0x000000008f800000|  0%| F|  |TAMS 0x000000008f700000, 0x000000008f700000| Untracked 
| 248|0x000000008f800000, 0x000000008f800000, 0x000000008f900000|  0%| F|  |TAMS 0x000000008f800000, 0x000000008f800000| Untracked 

Card table byte_map: [0x00000171d77a0000,0x00000171d7ba0000] _byte_map_base: 0x00000171d73a0000

Marking Bits (Prev, Next): (CMBitMap*) 0x00000171c4f25900, (CMBitMap*) 0x00000171c4f25940
 Prev Bits: [0x00000171d7fa0000, 0x00000171d9fa0000)
 Next Bits: [0x00000171d9fa0000, 0x00000171dbfa0000)

Polling page: 0x00000171c2dc0000

Metaspace:

Usage:
  Non-class:     87.54 MB used.
      Class:     13.54 MB used.
       Both:    101.08 MB used.

Virtual space:
  Non-class space:       96.00 MB reserved,      87.88 MB ( 92%) committed,  12 nodes.
      Class space:        1.00 GB reserved,      13.88 MB (  1%) committed,  1 nodes.
             Both:        1.09 GB reserved,     101.75 MB (  9%) committed. 

Chunk freelists:
   Non-Class:  3.62 MB
       Class:  1.95 MB
        Both:  5.58 MB

MaxMetaspaceSize: unlimited
CompressedClassSpaceSize: 1.00 GB
Initial GC threshold: 21.00 MB
Current GC threshold: 168.44 MB
CDS: off
MetaspaceReclaimPolicy: balanced
 - commit_granule_bytes: 65536.
 - commit_granule_words: 8192.
 - virtual_space_node_default_size: 1048576.
 - enlarge_chunks_in_place: 1.
 - new_chunks_are_fully_committed: 0.
 - uncommit_free_chunks: 1.
 - use_allocation_guard: 0.
 - handle_deallocations: 1.


Internal statistics:

num_allocs_failed_limit: 6.
num_arena_births: 1120.
num_arena_deaths: 0.
num_vsnodes_births: 13.
num_vsnodes_deaths: 0.
num_space_committed: 1628.
num_space_uncommitted: 0.
num_chunks_returned_to_freelist: 6.
num_chunks_taken_from_freelist: 5004.
num_chunk_merges: 6.
num_chunk_splits: 3285.
num_chunks_enlarged: 2147.
num_purges: 0.
num_inconsistent_stats: 0.

CodeHeap 'non-profiled nmethods': size=120000Kb used=8418Kb max_used=8451Kb free=111582Kb
 bounds [0x00000171cfe70000, 0x00000171d06d0000, 0x00000171d73a0000]
CodeHeap 'profiled nmethods': size=120000Kb used=22523Kb max_used=23394Kb free=97476Kb
 bounds [0x00000171c83a0000, 0x00000171c9ac0000, 0x00000171cf8d0000]
CodeHeap 'non-nmethods': size=5760Kb used=2417Kb max_used=2472Kb free=3342Kb
 bounds [0x00000171cf8d0000, 0x00000171cfb50000, 0x00000171cfe70000]
 total_blobs=12804 nmethods=11839 adapters=878
 compilation: enabled
              stopped_count=0, restarted_count=0
 full_count=0

Compilation events (20 events):
Event: 962.970 Thread 0x00000171df072f50 14305       3       jdk.internal.jimage.decompressor.CompressedResourceHeader::readFromResource (104 bytes)
Event: 962.971 Thread 0x00000171df072f50 nmethod 14305 0x00000171c84d2490 code [0x00000171c84d2720, 0x00000171c84d32f8]
Event: 962.972 Thread 0x00000171df072f50 14306       3       jdk.internal.misc.Unsafe::makeLong (25 bytes)
Event: 962.973 Thread 0x00000171df072f50 nmethod 14306 0x00000171c8d10810 code [0x00000171c8d109c0, 0x00000171c8d10c78]
Event: 962.974 Thread 0x00000171df072f50 14307       1       jdk.internal.loader.BuiltinClassLoader$LoadedModule::mref (5 bytes)
Event: 962.975 Thread 0x00000171df072f50 nmethod 14307 0x00000171d0133510 code [0x00000171d01336a0, 0x00000171d0133778]
Event: 962.987 Thread 0x00000171df072f50 14309       3       java.nio.MappedByteBuffer::limit (6 bytes)
Event: 962.988 Thread 0x00000171df072f50 nmethod 14309 0x00000171c8a51f10 code [0x00000171c8a520c0, 0x00000171c8a522c8]
Event: 962.989 Thread 0x00000171df072f50 14310       3       java.nio.ByteBuffer::<init> (14 bytes)
Event: 962.989 Thread 0x00000171df072f50 nmethod 14310 0x00000171c9838410 code [0x00000171c98385c0, 0x00000171c9838708]
Event: 962.990 Thread 0x00000171df072f50 14311       3       java.nio.MappedByteBuffer::position (6 bytes)
Event: 962.990 Thread 0x00000171df072f50 nmethod 14311 0x00000171c8b8f390 code [0x00000171c8b8f540, 0x00000171c8b8f748]
Event: 963.007 Thread 0x00000171de49cad0 nmethod 14301 0x00000171d0132710 code [0x00000171d01328a0, 0x00000171d0133158]
Event: 963.007 Thread 0x00000171de49cad0 14308   !   4       java.util.concurrent.ConcurrentHashMap::transfer (849 bytes)
Event: 963.050 Thread 0x00000171df072f50 14312       3       jdk.internal.misc.Unsafe::getLongUnaligned (12 bytes)
Event: 963.051 Thread 0x00000171df072f50 nmethod 14312 0x00000171c98d2a90 code [0x00000171c98d2c40, 0x00000171c98d2e28]
Event: 963.059 Thread 0x00000171df072f50 14313       3       jdk.internal.loader.ClassLoaders$AppClassLoader::loadClass (40 bytes)
Event: 963.061 Thread 0x00000171df072f50 nmethod 14313 0x00000171c8699c10 code [0x00000171c8699e60, 0x00000171c869a778]
Event: 963.063 Thread 0x00000171df072f50 14314       3       java.nio.DirectByteBuffer::<init> (60 bytes)
Event: 963.064 Thread 0x00000171df072f50 nmethod 14314 0x00000171c8676990 code [0x00000171c8676b60, 0x00000171c8676f78]

GC Heap History (20 events):
Event: 950.947 GC heap after
{Heap after GC invocations=88 (full 0):
 garbage-first heap   total 145408K, used 120043K [0x0000000080000000, 0x0000000100000000)
  region size 1024K, 2 young (2048K), 2 survivors (2048K)
 Metaspace       used 102556K, committed 103360K, reserved 1138688K
  class space    used 13712K, committed 14080K, reserved 1048576K
}
Event: 951.330 GC heap before
{Heap before GC invocations=88 (full 0):
 garbage-first heap   total 145408K, used 127211K [0x0000000080000000, 0x0000000100000000)
  region size 1024K, 9 young (9216K), 2 survivors (2048K)
 Metaspace       used 102557K, committed 103360K, reserved 1138688K
  class space    used 13712K, committed 14080K, reserved 1048576K
}
Event: 951.339 GC heap after
{Heap after GC invocations=89 (full 0):
 garbage-first heap   total 145408K, used 120326K [0x0000000080000000, 0x0000000100000000)
  region size 1024K, 2 young (2048K), 2 survivors (2048K)
 Metaspace       used 102557K, committed 103360K, reserved 1138688K
  class space    used 13712K, committed 14080K, reserved 1048576K
}
Event: 951.666 GC heap before
{Heap before GC invocations=89 (full 0):
 garbage-first heap   total 145408K, used 125446K [0x0000000080000000, 0x0000000100000000)
  region size 1024K, 8 young (8192K), 2 survivors (2048K)
 Metaspace       used 102557K, committed 103360K, reserved 1138688K
  class space    used 13712K, committed 14080K, reserved 1048576K
}
Event: 951.672 GC heap after
{Heap after GC invocations=90 (full 0):
 garbage-first heap   total 145408K, used 120604K [0x0000000080000000, 0x0000000100000000)
  region size 1024K, 1 young (1024K), 1 survivors (1024K)
 Metaspace       used 102557K, committed 103360K, reserved 1138688K
  class space    used 13712K, committed 14080K, reserved 1048576K
}
Event: 958.237 GC heap before
{Heap before GC invocations=90 (full 0):
 garbage-first heap   total 145408K, used 126748K [0x0000000080000000, 0x0000000100000000)
  region size 1024K, 7 young (7168K), 1 survivors (1024K)
 Metaspace       used 102644K, committed 103424K, reserved 1138688K
  class space    used 13722K, committed 14080K, reserved 1048576K
}
Event: 958.244 GC heap after
{Heap after GC invocations=91 (full 0):
 garbage-first heap   total 145408K, used 121598K [0x0000000080000000, 0x0000000100000000)
  region size 1024K, 1 young (1024K), 1 survivors (1024K)
 Metaspace       used 102644K, committed 103424K, reserved 1138688K
  class space    used 13722K, committed 14080K, reserved 1048576K
}
Event: 958.608 GC heap before
{Heap before GC invocations=91 (full 0):
 garbage-first heap   total 145408K, used 128766K [0x0000000080000000, 0x0000000100000000)
  region size 1024K, 7 young (7168K), 1 survivors (1024K)
 Metaspace       used 102657K, committed 103424K, reserved 1138688K
  class space    used 13724K, committed 14080K, reserved 1048576K
}
Event: 958.614 GC heap after
{Heap after GC invocations=92 (full 0):
 garbage-first heap   total 145408K, used 122324K [0x0000000080000000, 0x0000000100000000)
  region size 1024K, 1 young (1024K), 1 survivors (1024K)
 Metaspace       used 102657K, committed 103424K, reserved 1138688K
  class space    used 13724K, committed 14080K, reserved 1048576K
}
Event: 958.615 GC heap before
{Heap before GC invocations=92 (full 0):
 garbage-first heap   total 145408K, used 122324K [0x0000000080000000, 0x0000000100000000)
  region size 1024K, 2 young (2048K), 1 survivors (1024K)
 Metaspace       used 102657K, committed 103424K, reserved 1138688K
  class space    used 13724K, committed 14080K, reserved 1048576K
}
Event: 958.626 GC heap after
{Heap after GC invocations=93 (full 0):
 garbage-first heap   total 175104K, used 122424K [0x0000000080000000, 0x0000000100000000)
  region size 1024K, 1 young (1024K), 1 survivors (1024K)
 Metaspace       used 102657K, committed 103424K, reserved 1138688K
  class space    used 13724K, committed 14080K, reserved 1048576K
}
Event: 960.085 GC heap before
{Heap before GC invocations=93 (full 0):
 garbage-first heap   total 175104K, used 148024K [0x0000000080000000, 0x0000000100000000)
  region size 1024K, 24 young (24576K), 1 survivors (1024K)
 Metaspace       used 102715K, committed 103424K, reserved 1138688K
  class space    used 13727K, committed 14080K, reserved 1048576K
}
Event: 960.129 GC heap after
{Heap after GC invocations=94 (full 0):
 garbage-first heap   total 175104K, used 138470K [0x0000000080000000, 0x0000000100000000)
  region size 1024K, 3 young (3072K), 3 survivors (3072K)
 Metaspace       used 102715K, committed 103424K, reserved 1138688K
  class space    used 13727K, committed 14080K, reserved 1048576K
}
Event: 960.286 GC heap before
{Heap before GC invocations=94 (full 0):
 garbage-first heap   total 175104K, used 145638K [0x0000000080000000, 0x0000000100000000)
  region size 1024K, 10 young (10240K), 3 survivors (3072K)
 Metaspace       used 102724K, committed 103424K, reserved 1138688K
  class space    used 13728K, committed 14080K, reserved 1048576K
}
Event: 960.309 GC heap after
{Heap after GC invocations=95 (full 0):
 garbage-first heap   total 175104K, used 144338K [0x0000000080000000, 0x0000000100000000)
  region size 1024K, 2 young (2048K), 2 survivors (2048K)
 Metaspace       used 102724K, committed 103424K, reserved 1138688K
  class space    used 13728K, committed 14080K, reserved 1048576K
}
Event: 960.573 GC heap before
{Heap before GC invocations=95 (full 0):
 garbage-first heap   total 175104K, used 150482K [0x0000000080000000, 0x0000000100000000)
  region size 1024K, 8 young (8192K), 2 survivors (2048K)
 Metaspace       used 102728K, committed 103424K, reserved 1138688K
  class space    used 13728K, committed 14080K, reserved 1048576K
}
Event: 960.604 GC heap after
{Heap after GC invocations=96 (full 0):
 garbage-first heap   total 175104K, used 148815K [0x0000000080000000, 0x0000000100000000)
  region size 1024K, 1 young (1024K), 1 survivors (1024K)
 Metaspace       used 102728K, committed 103424K, reserved 1138688K
  class space    used 13728K, committed 14080K, reserved 1048576K
}
Event: 962.148 GC heap before
{Heap before GC invocations=97 (full 0):
 garbage-first heap   total 254976K, used 155983K [0x0000000080000000, 0x0000000100000000)
  region size 1024K, 8 young (8192K), 1 survivors (1024K)
 Metaspace       used 102753K, committed 103552K, reserved 1138688K
  class space    used 13730K, committed 14080K, reserved 1048576K
}
Event: 962.168 GC heap after
{Heap after GC invocations=98 (full 0):
 garbage-first heap   total 254976K, used 151552K [0x0000000080000000, 0x0000000100000000)
  region size 1024K, 1 young (1024K), 1 survivors (1024K)
 Metaspace       used 102753K, committed 103552K, reserved 1138688K
  class space    used 13730K, committed 14080K, reserved 1048576K
}
Event: 963.064 GC heap before
{Heap before GC invocations=98 (full 0):
 garbage-first heap   total 254976K, used 165888K [0x0000000080000000, 0x0000000100000000)
  region size 1024K, 12 young (12288K), 1 survivors (1024K)
 Metaspace       used 103511K, committed 104192K, reserved 1146880K
  class space    used 13865K, committed 14208K, reserved 1048576K
}

Dll operation events (2 events):
Event: 0.274 Loaded shared library C:\Program Files\Android\Android Studio1\jbr\bin\java.dll
Event: 12.915 Loaded shared library C:\Program Files\Android\Android Studio1\jbr\bin\verify.dll

Deoptimization events (20 events):
Event: 962.721 Thread 0x00000171e5a3ff30 DEOPT PACKING pc=0x00000171d0585ef8 sp=0x0000004cdaefb070
Event: 962.721 Thread 0x00000171e5a3ff30 DEOPT UNPACKING pc=0x00000171cf92699d sp=0x0000004cdaefb028 mode 2
Event: 962.878 Thread 0x00000171e5a3ff30 Uncommon trap: trap_request=0xffffffc6 fr.pc=0x00000171cffbcf80 relative=0x0000000000003240
Event: 962.878 Thread 0x00000171e5a3ff30 Uncommon trap: reason=bimorphic_or_optimized_type_check action=maybe_recompile pc=0x00000171cffbcf80 method=jdk.internal.loader.BuiltinClassLoader.loadClassOrNull(Ljava/lang/String;)Ljava/lang/Class; @ 3 c2
Event: 962.879 Thread 0x00000171e5a3ff30 DEOPT PACKING pc=0x00000171cffbcf80 sp=0x0000004cdaefc860
Event: 962.879 Thread 0x00000171e5a3ff30 DEOPT UNPACKING pc=0x00000171cf92699d sp=0x0000004cdaefc7e8 mode 2
Event: 962.915 Thread 0x00000171e5a3ff30 Uncommon trap: trap_request=0xffffff45 fr.pc=0x00000171d031eeb0 relative=0x0000000000000750
Event: 962.915 Thread 0x00000171e5a3ff30 Uncommon trap: reason=unstable_if action=reinterpret pc=0x00000171d031eeb0 method=java.lang.reflect.AccessibleObject.checkAccess(Ljava/lang/Class;Ljava/lang/Class;Ljava/lang/Class;I)V @ 9 c2
Event: 962.915 Thread 0x00000171e5a3ff30 DEOPT PACKING pc=0x00000171d031eeb0 sp=0x0000004cdaefd350
Event: 962.915 Thread 0x00000171e5a3ff30 DEOPT UNPACKING pc=0x00000171cf92699d sp=0x0000004cdaefd298 mode 2
Event: 962.915 Thread 0x00000171e5a3ff30 Uncommon trap: trap_request=0xffffffc6 fr.pc=0x00000171cffbcf80 relative=0x0000000000003240
Event: 962.915 Thread 0x00000171e5a3ff30 Uncommon trap: reason=bimorphic_or_optimized_type_check action=maybe_recompile pc=0x00000171cffbcf80 method=jdk.internal.loader.BuiltinClassLoader.loadClassOrNull(Ljava/lang/String;)Ljava/lang/Class; @ 3 c2
Event: 962.915 Thread 0x00000171e5a3ff30 DEOPT PACKING pc=0x00000171cffbcf80 sp=0x0000004cdaefc860
Event: 962.915 Thread 0x00000171e5a3ff30 DEOPT UNPACKING pc=0x00000171cf92699d sp=0x0000004cdaefc7e8 mode 2
Event: 962.920 Thread 0x00000171e5a3ff30 Uncommon trap: trap_request=0xffffffc6 fr.pc=0x00000171cffbcf80 relative=0x0000000000003240
Event: 962.920 Thread 0x00000171e5a3ff30 Uncommon trap: reason=bimorphic_or_optimized_type_check action=maybe_recompile pc=0x00000171cffbcf80 method=jdk.internal.loader.BuiltinClassLoader.loadClassOrNull(Ljava/lang/String;)Ljava/lang/Class; @ 3 c2
Event: 962.920 Thread 0x00000171e5a3ff30 DEOPT PACKING pc=0x00000171cffbcf80 sp=0x0000004cdaefc860
Event: 962.920 Thread 0x00000171e5a3ff30 DEOPT UNPACKING pc=0x00000171cf92699d sp=0x0000004cdaefc7e8 mode 2
Event: 962.986 Thread 0x00000171e5a3ff30 DEOPT PACKING pc=0x00000171c9713f71 sp=0x0000004cdaef7270
Event: 962.986 Thread 0x00000171e5a3ff30 DEOPT UNPACKING pc=0x00000171cf927124 sp=0x0000004cdaef6780 mode 0

Classes unloaded (0 events):
No events

Classes redefined (0 events):
No events

Internal exceptions (20 events):
Event: 931.892 Thread 0x00000171e5a3d8b0 Exception <a 'java/net/SocketException'{0x000000008879f848}: Socket is not connected: shutdown> (0x000000008879f848) 
thrown [s\src\hotspot\share\prims\jni.cpp, line 536]
Event: 931.905 Thread 0x00000171e5a3d8b0 Exception <a 'java/net/ConnectException'{0x00000000887a02b8}: Connection refused: connect> (0x00000000887a02b8) 
thrown [s\src\hotspot\share\prims\jni.cpp, line 536]
Event: 931.905 Thread 0x00000171e5a3d8b0 Exception <a 'java/net/SocketException'{0x00000000887a05f0}: Socket is not connected: shutdown> (0x00000000887a05f0) 
thrown [s\src\hotspot\share\prims\jni.cpp, line 536]
Event: 931.917 Thread 0x00000171e5a3d8b0 Exception <a 'java/net/ConnectException'{0x00000000887a0e20}: Connection refused: connect> (0x00000000887a0e20) 
thrown [s\src\hotspot\share\prims\jni.cpp, line 536]
Event: 931.917 Thread 0x00000171e5a3d8b0 Exception <a 'java/net/SocketException'{0x00000000887a1158}: Socket is not connected: shutdown> (0x00000000887a1158) 
thrown [s\src\hotspot\share\prims\jni.cpp, line 536]
Event: 932.892 Thread 0x00000171e5a3d8b0 Exception <a 'java/net/ConnectException'{0x00000000887a1f48}: Connection refused: connect> (0x00000000887a1f48) 
thrown [s\src\hotspot\share\prims\jni.cpp, line 536]
Event: 932.892 Thread 0x00000171e5a3d8b0 Exception <a 'java/net/SocketException'{0x00000000887a2280}: Socket is not connected: shutdown> (0x00000000887a2280) 
thrown [s\src\hotspot\share\prims\jni.cpp, line 536]
Event: 932.905 Thread 0x00000171e5a3d8b0 Exception <a 'java/net/ConnectException'{0x00000000887a2ab0}: Connection refused: connect> (0x00000000887a2ab0) 
thrown [s\src\hotspot\share\prims\jni.cpp, line 536]
Event: 932.905 Thread 0x00000171e5a3d8b0 Exception <a 'java/net/SocketException'{0x00000000887a2de8}: Socket is not connected: shutdown> (0x00000000887a2de8) 
thrown [s\src\hotspot\share\prims\jni.cpp, line 536]
Event: 932.918 Thread 0x00000171e5a3d8b0 Exception <a 'java/net/ConnectException'{0x00000000887b3d80}: Connection refused: connect> (0x00000000887b3d80) 
thrown [s\src\hotspot\share\prims\jni.cpp, line 536]
Event: 932.918 Thread 0x00000171e5a3d8b0 Exception <a 'java/net/SocketException'{0x00000000887b40b8}: Socket is not connected: shutdown> (0x00000000887b40b8) 
thrown [s\src\hotspot\share\prims\jni.cpp, line 536]
Event: 932.920 Thread 0x00000171e5a3d8b0 Exception <a 'java/net/ConnectException'{0x00000000887b4c30}: Connection refused: connect> (0x00000000887b4c30) 
thrown [s\src\hotspot\share\prims\jni.cpp, line 536]
Event: 932.920 Thread 0x00000171e5a3d8b0 Exception <a 'java/net/SocketException'{0x00000000887b4f68}: Socket is not connected: shutdown> (0x00000000887b4f68) 
thrown [s\src\hotspot\share\prims\jni.cpp, line 536]
Event: 932.933 Thread 0x00000171e5a3d8b0 Exception <a 'java/net/ConnectException'{0x00000000887b59e0}: Connection refused: connect> (0x00000000887b59e0) 
thrown [s\src\hotspot\share\prims\jni.cpp, line 536]
Event: 932.933 Thread 0x00000171e5a3d8b0 Exception <a 'java/net/SocketException'{0x00000000887b5d18}: Socket is not connected: shutdown> (0x00000000887b5d18) 
thrown [s\src\hotspot\share\prims\jni.cpp, line 536]
Event: 932.945 Thread 0x00000171e5a3d8b0 Exception <a 'java/net/ConnectException'{0x00000000887b6548}: Connection refused: connect> (0x00000000887b6548) 
thrown [s\src\hotspot\share\prims\jni.cpp, line 536]
Event: 932.946 Thread 0x00000171e5a3d8b0 Exception <a 'java/net/SocketException'{0x00000000887b6880}: Socket is not connected: shutdown> (0x00000000887b6880) 
thrown [s\src\hotspot\share\prims\jni.cpp, line 536]
Event: 944.770 Thread 0x00000171e06119a0 Exception <a 'java/lang/NoSuchMethodError'{0x0000000088b2a448}: static [Ljava/lang/Object;.<clinit>()V> (0x0000000088b2a448) 
thrown [s\src\hotspot\share\prims\jni.cpp, line 1108]
Event: 959.351 Thread 0x00000171e5a3c0a0 Exception <a 'java/lang/NoSuchMethodError'{0x000000008aa8d1c0}: static Lorg/jetbrains/kotlin/gradle/internal/kapt/incremental/ClasspathEntryData;.<clinit>()V> (0x000000008aa8d1c0) 
thrown [s\src\hotspot\share\prims\jni.cpp, line 1108]
Event: 962.622 Thread 0x00000171e5a3c0a0 Exception <a 'java/lang/NoSuchMethodError'{0x000000008f1e83a0}: static Lorg/jetbrains/kotlin/gradle/internal/KaptOptionsForWorker;.<clinit>()V> (0x000000008f1e83a0) 
thrown [s\src\hotspot\share\prims\jni.cpp, line 1108]

VM Operations (20 events):
Event: 956.909 Executing VM operation: Cleanup done
Event: 958.236 Executing VM operation: G1CollectForAllocation
Event: 958.245 Executing VM operation: G1CollectForAllocation done
Event: 958.607 Executing VM operation: G1CollectForAllocation
Event: 958.614 Executing VM operation: G1CollectForAllocation done
Event: 958.614 Executing VM operation: G1TryInitiateConcMark
Event: 958.626 Executing VM operation: G1TryInitiateConcMark done
Event: 960.085 Executing VM operation: G1CollectForAllocation
Event: 960.129 Executing VM operation: G1CollectForAllocation done
Event: 960.286 Executing VM operation: G1CollectForAllocation
Event: 960.313 Executing VM operation: G1CollectForAllocation done
Event: 960.573 Executing VM operation: G1CollectForAllocation
Event: 960.605 Executing VM operation: G1CollectForAllocation done
Event: 961.274 Executing VM operation: G1Concurrent
Event: 961.317 Executing VM operation: G1Concurrent done
Event: 961.666 Executing VM operation: G1Concurrent
Event: 961.756 Executing VM operation: G1Concurrent done
Event: 962.148 Executing VM operation: G1CollectForAllocation
Event: 962.170 Executing VM operation: G1CollectForAllocation done
Event: 963.064 Executing VM operation: G1CollectForAllocation

Events (20 events):
Event: 918.960 Thread 0x00000171df093bc0 flushing nmethod 0x00000171c98d5490
Event: 918.960 Thread 0x00000171df093bc0 flushing nmethod 0x00000171c98d5f90
Event: 918.960 Thread 0x00000171df093bc0 flushing nmethod 0x00000171c98f4f10
Event: 918.961 Thread 0x00000171df093bc0 flushing nmethod 0x00000171c9910c10
Event: 918.961 Thread 0x00000171df093bc0 flushing nmethod 0x00000171c9912190
Event: 918.961 Thread 0x00000171df093bc0 flushing nmethod 0x00000171c9974c90
Event: 918.962 Thread 0x00000171df093bc0 flushing nmethod 0x00000171c99cd290
Event: 918.962 Thread 0x00000171df093bc0 flushing nmethod 0x00000171c9a27b90
Event: 918.962 Thread 0x00000171df093bc0 flushing nmethod 0x00000171c9a28310
Event: 918.962 Thread 0x00000171df093bc0 flushing nmethod 0x00000171c9a28a90
Event: 918.962 Thread 0x00000171df093bc0 flushing nmethod 0x00000171c9a29210
Event: 932.946 Thread 0x00000171e5a3d8b0 Thread exited: 0x00000171e5a3d8b0
Event: 943.332 Thread 0x00000171e5a40da0 Thread exited: 0x00000171e5a40da0
Event: 948.973 loading class javax/swing/text/html/HTMLEditorKit$ParserCallback
Event: 948.974 loading class javax/swing/text/html/HTMLEditorKit$ParserCallback done
Event: 959.369 Thread 0x00000171e09923c0 Thread added: 0x00000171e09923c0
Event: 959.997 Thread 0x00000171e09923c0 Thread exited: 0x00000171e09923c0
Event: 960.871 Thread 0x00000171e09923c0 Thread added: 0x00000171e09923c0
Event: 962.707 Thread 0x00000171e5a3d8b0 Thread added: 0x00000171e5a3d8b0
Event: 962.932 Thread 0x00000171e09923c0 Thread exited: 0x00000171e09923c0


Dynamic libraries:
0x00007ff738ed0000 - 0x00007ff738eda000 	C:\Program Files\Android\Android Studio1\jbr\bin\java.exe
0x00007ffc3b890000 - 0x00007ffc3ba85000 	C:\WINDOWS\SYSTEM32\ntdll.dll
0x00007ffc39dc0000 - 0x00007ffc39e7e000 	C:\WINDOWS\System32\KERNEL32.DLL
0x00007ffc39580000 - 0x00007ffc39848000 	C:\WINDOWS\System32\KERNELBASE.dll
0x00007ffc38fb0000 - 0x00007ffc390b0000 	C:\WINDOWS\System32\ucrtbase.dll
0x00007ffbf13f0000 - 0x00007ffbf1407000 	C:\Program Files\Android\Android Studio1\jbr\bin\jli.dll
0x00007ffc3a010000 - 0x00007ffc3a1b0000 	C:\WINDOWS\System32\USER32.dll
0x00007ffc390b0000 - 0x00007ffc390d2000 	C:\WINDOWS\System32\win32u.dll
0x00007ffc3a380000 - 0x00007ffc3a3aa000 	C:\WINDOWS\System32\GDI32.dll
0x00007ffc39210000 - 0x00007ffc3931b000 	C:\WINDOWS\System32\gdi32full.dll
0x00007ffc39850000 - 0x00007ffc398ed000 	C:\WINDOWS\System32\msvcp_win.dll
0x00007ffc33fc0000 - 0x00007ffc33fdb000 	C:\Program Files\Android\Android Studio1\jbr\bin\VCRUNTIME140.dll
0x00007ffc210e0000 - 0x00007ffc2137a000 	C:\WINDOWS\WinSxS\amd64_microsoft.windows.common-controls_6595b64144ccf1df_6.0.19041.1110_none_60b5254171f9507e\COMCTL32.dll
0x00007ffc3a3c0000 - 0x00007ffc3a45e000 	C:\WINDOWS\System32\msvcrt.dll
0x00007ffc3a530000 - 0x00007ffc3a560000 	C:\WINDOWS\System32\IMM32.DLL
0x00007ffc34020000 - 0x00007ffc3402c000 	C:\Program Files\Android\Android Studio1\jbr\bin\vcruntime140_1.dll
0x00007ffc20be0000 - 0x00007ffc20c6d000 	C:\Program Files\Android\Android Studio1\jbr\bin\msvcp140.dll
0x00007ffbeff10000 - 0x00007ffbf0b7e000 	C:\Program Files\Android\Android Studio1\jbr\bin\server\jvm.dll
0x00007ffc39e80000 - 0x00007ffc39f2e000 	C:\WINDOWS\System32\ADVAPI32.dll
0x00007ffc3a1b0000 - 0x00007ffc3a24c000 	C:\WINDOWS\System32\sechost.dll
0x00007ffc3a670000 - 0x00007ffc3a795000 	C:\WINDOWS\System32\RPCRT4.dll
0x00007ffc37740000 - 0x00007ffc37749000 	C:\WINDOWS\SYSTEM32\WSOCK32.dll
0x00007ffc3b710000 - 0x00007ffc3b77b000 	C:\WINDOWS\System32\WS2_32.dll
0x00007ffc1d5c0000 - 0x00007ffc1d5e7000 	C:\WINDOWS\SYSTEM32\WINMM.dll
0x00007ffc2da90000 - 0x00007ffc2da9a000 	C:\WINDOWS\SYSTEM32\VERSION.dll
0x00007ffc37860000 - 0x00007ffc37872000 	C:\WINDOWS\SYSTEM32\kernel.appcore.dll
0x00007ffc0edc0000 - 0x00007ffc0edca000 	C:\Program Files\Android\Android Studio1\jbr\bin\jimage.dll
0x00007ffc37530000 - 0x00007ffc37714000 	C:\WINDOWS\SYSTEM32\DBGHELP.DLL
0x00007ffc2da40000 - 0x00007ffc2da6c000 	C:\WINDOWS\SYSTEM32\dbgcore.DLL
0x00007ffc39320000 - 0x00007ffc393a2000 	C:\WINDOWS\System32\bcryptPrimitives.dll
0x00007ffc1b450000 - 0x00007ffc1b475000 	C:\Program Files\Android\Android Studio1\jbr\bin\java.dll
0x00007ffc08860000 - 0x00007ffc08878000 	C:\Program Files\Android\Android Studio1\jbr\bin\zip.dll
0x00007ffc3aa30000 - 0x00007ffc3b174000 	C:\WINDOWS\System32\SHELL32.dll
0x00007ffc36cd0000 - 0x00007ffc37464000 	C:\WINDOWS\SYSTEM32\windows.storage.dll
0x00007ffc3b210000 - 0x00007ffc3b564000 	C:\WINDOWS\System32\combase.dll
0x00007ffc38950000 - 0x00007ffc3897c000 	C:\WINDOWS\SYSTEM32\Wldp.dll
0x00007ffc3a480000 - 0x00007ffc3a52d000 	C:\WINDOWS\System32\SHCORE.dll
0x00007ffc3b580000 - 0x00007ffc3b5d5000 	C:\WINDOWS\System32\shlwapi.dll
0x00007ffc38ef0000 - 0x00007ffc38f0f000 	C:\WINDOWS\SYSTEM32\profapi.dll
0x00007ffc08820000 - 0x00007ffc08839000 	C:\Program Files\Android\Android Studio1\jbr\bin\net.dll
0x00007ffc295f0000 - 0x00007ffc296fa000 	C:\WINDOWS\SYSTEM32\WINHTTP.dll
0x00007ffc386b0000 - 0x00007ffc3871a000 	C:\WINDOWS\system32\mswsock.dll
0x00007ffc08800000 - 0x00007ffc08816000 	C:\Program Files\Android\Android Studio1\jbr\bin\nio.dll
0x00007ffc1b440000 - 0x00007ffc1b450000 	C:\Program Files\Android\Android Studio1\jbr\bin\verify.dll
0x00007ffc0c200000 - 0x00007ffc0c227000 	C:\Users\Martins\AndroidStudioProjects\Odiyo\.gradle\native\e1d6ef7f7dcc3fd88c89a11ec53ec762bb8ba0a96d01ffa2cd45eb1d1d8dd5c5\windows-amd64\native-platform.dll
0x00007ffc0a580000 - 0x00007ffc0a6c4000 	C:\Users\Martins\AndroidStudioProjects\Odiyo\.gradle\native\0d407fdbe67a94daf76414ababcb853783967236a71b16ec16e742cd7a986fd3\windows-amd64\native-platform-file-events.dll
0x00007ffc19480000 - 0x00007ffc19489000 	C:\Program Files\Android\Android Studio1\jbr\bin\management.dll
0x00007ffc17500000 - 0x00007ffc1750b000 	C:\Program Files\Android\Android Studio1\jbr\bin\management_ext.dll
0x00007ffc3a3b0000 - 0x00007ffc3a3b8000 	C:\WINDOWS\System32\PSAPI.DLL
0x00007ffc388a0000 - 0x00007ffc388b8000 	C:\WINDOWS\SYSTEM32\CRYPTSP.dll
0x00007ffc38030000 - 0x00007ffc38064000 	C:\WINDOWS\system32\rsaenh.dll
0x00007ffc391e0000 - 0x00007ffc39207000 	C:\WINDOWS\System32\bcrypt.dll
0x00007ffc38e70000 - 0x00007ffc38e9e000 	C:\WINDOWS\SYSTEM32\USERENV.dll
0x00007ffc388c0000 - 0x00007ffc388cc000 	C:\WINDOWS\SYSTEM32\CRYPTBASE.dll
0x00007ffc383a0000 - 0x00007ffc383db000 	C:\WINDOWS\SYSTEM32\IPHLPAPI.DLL
0x00007ffc3b570000 - 0x00007ffc3b578000 	C:\WINDOWS\System32\NSI.dll
0x00007ffc2d890000 - 0x00007ffc2d8a7000 	C:\WINDOWS\SYSTEM32\dhcpcsvc6.DLL
0x00007ffc2e0b0000 - 0x00007ffc2e0cd000 	C:\WINDOWS\SYSTEM32\dhcpcsvc.DLL
0x00007ffc383e0000 - 0x00007ffc384ab000 	C:\WINDOWS\SYSTEM32\DNSAPI.dll
0x00007ffc0eb40000 - 0x00007ffc0eb47000 	C:\WINDOWS\system32\wshunix.dll
0x00007ffc1aec0000 - 0x00007ffc1aed7000 	C:\WINDOWS\system32\napinsp.dll
0x00007ffc1ae70000 - 0x00007ffc1ae8b000 	C:\WINDOWS\system32\pnrpnsp.dll
0x00007ffc1adf0000 - 0x00007ffc1ae05000 	C:\WINDOWS\system32\wshbth.dll
0x00007ffc33f90000 - 0x00007ffc33fad000 	C:\WINDOWS\system32\NLAapi.dll
0x00007ffc1aea0000 - 0x00007ffc1aeb2000 	C:\WINDOWS\System32\winrnr.dll
0x00007ffc29c30000 - 0x00007ffc29c3a000 	C:\Windows\System32\rasadhlp.dll
0x00007ffc293d0000 - 0x00007ffc2944f000 	C:\WINDOWS\System32\fwpuclnt.dll
0x00007ffc27f20000 - 0x00007ffc27f3e000 	C:\Users\Martins\AppData\Local\Temp\native-platform18189433714618522577dir\native-platform.dll
0x00007ffc32820000 - 0x00007ffc32827000 	C:\Program Files\Android\Android Studio1\jbr\bin\rmi.dll

dbghelp: loaded successfully - version: 4.0.5 - missing functions: none
symbol engine: initialized successfully - sym options: 0x614 - pdb path: .;C:\Program Files\Android\Android Studio1\jbr\bin;C:\WINDOWS\SYSTEM32;C:\WINDOWS\WinSxS\amd64_microsoft.windows.common-controls_6595b64144ccf1df_6.0.19041.1110_none_60b5254171f9507e;C:\Program Files\Android\Android Studio1\jbr\bin\server;C:\Users\Martins\AndroidStudioProjects\Odiyo\.gradle\native\e1d6ef7f7dcc3fd88c89a11ec53ec762bb8ba0a96d01ffa2cd45eb1d1d8dd5c5\windows-amd64;C:\Users\Martins\AndroidStudioProjects\Odiyo\.gradle\native\0d407fdbe67a94daf76414ababcb853783967236a71b16ec16e742cd7a986fd3\windows-amd64;C:\Users\Martins\AppData\Local\Temp\native-platform18189433714618522577dir

VM Arguments:
jvm_args: --add-opens=java.base/java.util=ALL-UNNAMED --add-opens=java.base/java.lang=ALL-UNNAMED --add-opens=java.base/java.lang.invoke=ALL-UNNAMED --add-opens=java.base/java.util=ALL-UNNAMED --add-opens=java.prefs/java.util.prefs=ALL-UNNAMED --add-opens=java.prefs/java.util.prefs=ALL-UNNAMED --add-opens=java.base/java.nio.charset=ALL-UNNAMED --add-opens=java.base/java.net=ALL-UNNAMED --add-opens=java.base/java.util.concurrent.atomic=ALL-UNNAMED -Xmx2048m -Dfile.encoding=UTF-8 -Duser.country=US -Duser.language=en -Duser.variant 
java_command: org.gradle.launcher.daemon.bootstrap.GradleDaemon 7.5
java_class_path (initial): C:\Users\Martins\AndroidStudioProjects\Odiyo\.gradle\wrapper\dists\gradle-7.5-bin\f1w0cc9nuo0eivz97x2xlu9sv\gradle-7.5\lib\gradle-launcher-7.5.jar
Launcher Type: SUN_STANDARD

[Global flags]
     intx CICompilerCount                          = 3                                         {product} {ergonomic}
     uint ConcGCThreads                            = 1                                         {product} {ergonomic}
     uint G1ConcRefinementThreads                  = 4                                         {product} {ergonomic}
   size_t G1HeapRegionSize                         = 1048576                                   {product} {ergonomic}
    uintx GCDrainStackTargetSize                   = 64                                        {product} {ergonomic}
   size_t InitialHeapSize                          = 134217728                                 {product} {ergonomic}
   size_t MarkStackSize                            = 4194304                                   {product} {ergonomic}
   size_t MaxHeapSize                              = 2147483648                                {product} {command line}
   size_t MaxNewSize                               = 1287651328                                {product} {ergonomic}
   size_t MinHeapDeltaBytes                        = 1048576                                   {product} {ergonomic}
   size_t MinHeapSize                              = 8388608                                   {product} {ergonomic}
    uintx NonNMethodCodeHeapSize                   = 5832780                                {pd product} {ergonomic}
    uintx NonProfiledCodeHeapSize                  = 122912730                              {pd product} {ergonomic}
    uintx ProfiledCodeHeapSize                     = 122912730                              {pd product} {ergonomic}
    uintx ReservedCodeCacheSize                    = 251658240                              {pd product} {ergonomic}
     bool SegmentedCodeCache                       = true                                      {product} {ergonomic}
   size_t SoftMaxHeapSize                          = 2147483648                             {manageable} {ergonomic}
     bool UseCompressedClassPointers               = true                           {product lp64_product} {ergonomic}
     bool UseCompressedOops                        = true                           {product lp64_product} {ergonomic}
     bool UseG1GC                                  = true                                      {product} {ergonomic}
     bool UseLargePagesIndividualAllocation        = false                                  {pd product} {ergonomic}

Logging:
Log output configuration:
 #0: stdout all=warning uptime,level,tags
 #1: stderr all=off uptime,level,tags

Environment Variables:
PATH=C:\Program Files (x86)\Common Files\Oracle\Java\javapath;C:\Program Files (x86)\Intel\TXE Components\TCS\;C:\Program Files\Intel\TXE Components\TCS\;C:\WINDOWS\system32;C:\WINDOWS;C:\WINDOWS\System32\Wbem;C:\WINDOWS\System32\WindowsPowerShell\v1.0\;C:\Program Files\Intel\TXE Components\DAL\;C:\Program Files (x86)\Intel\TXE Components\DAL\;C:\Program Files\Intel\TXE Components\IPT\;C:\Program Files (x86)\Intel\TXE Components\IPT\;C:\Program Files\Git\cmd;C:\WINDOWS\System32\OpenSSH\;C:\Users\Martins\AppData\Local\Microsoft\WindowsApps;C:\Program Files\heroku\bin;C:\Users\Martins\AppData\Local\GitHubDesktop\bin;
USERNAME=IGEDE
OS=Windows_NT
PROCESSOR_IDENTIFIER=Intel64 Family 6 Model 76 Stepping 4, GenuineIntel
TMP=C:\Users\Martins\AppData\Local\Temp
TEMP=C:\Users\Martins\AppData\Local\Temp


JNI global refs:
JNI global refs: 24, weak refs: 0

JNI global refs memory usage: 843, weak refs: 209


---------------  S Y S T E M  ---------------

OS:
 Windows 10 , 64 bit Build 19041 (10.0.19041.1645)
OS uptime: 0 days 15:55 hours

CPU: total 4 (initial active 4) (4 cores per cpu, 1 threads per core) family 6 model 76 stepping 4 microcode 0x411, cx8, cmov, fxsr, mmx, 3dnowpref, sse, sse2, sse3, ssse3, sse4.1, sse4.2, popcnt, tsc, tscinvbit, aes, erms, clmul, clflush

Memory: 4k page, system-wide physical 8097M (601M free)
TotalPageFile size 13872M (AvailPageFile size 184M)
current process WorkingSet (physical memory assigned to process): 368M, peak: 385M
current process commit charge ("private bytes"): 544M, peak: 1021M

vm_info: OpenJDK 64-Bit Server VM (17.0.6+0-b2043.56-10027231) for windows-amd64 JRE (17.0.6+0-b2043.56-10027231), built on Apr 28 2023 00:43:19 by "androidbuild" with MS VC++ 16.10 / 16.11 (VS2019)

END.
